go build -trimpath -o bin/ovh .
Updating minFormaeVersion to 0.84.0
Installing ovh v0.1.4 (namespace: OVH)...
Installed to /Users/stheno/.pel/formae/plugins/ovh/v0.1.4
  - Binary: /Users/stheno/.pel/formae/plugins/ovh/v0.1.4/ovh
  - Schema: /Users/stheno/.pel/formae/plugins/ovh/v0.1.4/schema/
  - Manifest: /Users/stheno/.pel/formae/plugins/ovh/v0.1.4/formae-plugin.pkl
OpenStack credentials configured:
  OS_AUTH_URL: https://auth.cloud.ovh.us/v3
  OS_USERNAME: user-AZuxSMBgbGWb
  OS_PROJECT_ID: b3c8ef6641dd48b9bcd400162fcc87a3
  OS_REGION_NAME: US-EAST-VA-1
Running CRUD conformance tests...
=== RUN   TestPluginConformance
    runner.go:141: Filter "instance" matched 1 of 13 test case(s)
    runner.go:292: Discovered 1 test case(s)
=== RUN   TestPluginConformance/INSTANCE-CONFORMANCE::instance
    runner.go:1038: Testing resource: INSTANCE-CONFORMANCE::instance (file: /Users/stheno/git/pel/plugins/formae-plugin-ovh/.worktrees/instance-conformance/testdata/instance.pkl)
    harness.go:107: FORMAE_BINARY set to /Users/stheno/git/pel/formae/formae but file does not exist, downloading instead
2026/04/28 08:30:19 INFO refreshing: https://hub.platform.engineering/repos/platform.engineering/pel
2026/04/28 08:30:20 INFO no certificate found for SKI: cfc2229cfddaf40514e42951fadebad2 scanning DNS ...
2026/04/28 08:30:20 INFO imported: platform.engineering CA - 246c75c8d9fbcfc5f280803bbd63e6bf
2026/04/28 08:30:20 INFO imported: platform.engineering Issuer - bbcda55d4af6833bbfe3e5141c57f4c8
2026/04/28 08:30:21 INFO imported: engineering@platform.engineering - cfc2229cfddaf40514e42951fadebad2
    harness.go:107: installing formae 0.84.0
2026/04/28 08:30:24 INFO fetching: pkl@0.31.0_20260415T124716Z
2026/04/28 08:30:27 INFO fetched: pkl@0.31.0_20260415T124716Z
2026/04/28 08:30:27 INFO fetching: formae@0.84.0_20260423T072205Z
2026/04/28 08:30:47 INFO fetched: formae@0.84.0_20260423T072205Z
2026/04/28 08:30:47 INFO installing pkl@0.31.0_20260415T124716Z
2026/04/28 08:30:47 INFO installing formae@0.84.0_20260423T072205Z
    harness.go:107: formae binary version: 0.84.0
    harness.go:130: updated /Users/stheno/git/pel/plugins/formae-plugin-ovh/.worktrees/instance-conformance/schema/pkl/PklProject to formae version 0.84.0
    harness.go:130: removed /Users/stheno/git/pel/plugins/formae-plugin-ovh/.worktrees/instance-conformance/schema/pkl/PklProject.deps.json
/Users/stheno/git/pel/plugins/formae-plugin-ovh/.worktrees/instance-conformance/schema/pkl/PklProject.deps.json
    harness.go:130: resolved PKL dependencies for /Users/stheno/git/pel/plugins/formae-plugin-ovh/.worktrees/instance-conformance/schema/pkl
    harness.go:130: updated /Users/stheno/git/pel/plugins/formae-plugin-ovh/.worktrees/instance-conformance/testdata/PklProject to formae version 0.84.0
    harness.go:130: removed /Users/stheno/git/pel/plugins/formae-plugin-ovh/.worktrees/instance-conformance/testdata/PklProject.deps.json
/Users/stheno/git/pel/plugins/formae-plugin-ovh/.worktrees/instance-conformance/testdata/PklProject.deps.json
    harness.go:130: resolved PKL dependencies for /Users/stheno/git/pel/plugins/formae-plugin-ovh/.worktrees/instance-conformance/testdata
    harness.go:257: Created test environment: tempDir=/var/folders/ts/wd0xmbjx59v9bnn6pvtdfz780000gn/T/formae-test-4185085981, configFile=/var/folders/ts/wd0xmbjx59v9bnn6pvtdfz780000gn/T/formae-test-4185085981/test-config.pkl, dbPath=/var/folders/ts/wd0xmbjx59v9bnn6pvtdfz780000gn/T/formae-test-4185085981/formae-test.db, logPath=/var/folders/ts/wd0xmbjx59v9bnn6pvtdfz780000gn/T/formae-test-4185085981/formae-test.log
    harness.go:265: Discovering external plugins from: /Users/stheno/.pel/formae/plugins
    harness.go:271: Discovered 8 external resource plugin(s)
    harness.go:273:   - aws (namespace=AWS, version=v0.1.5)
    harness.go:273:   - azure (namespace=AZURE, version=v0.1.1)
    harness.go:273:   - docker (namespace=DOCKER, version=v0.1.0)
    harness.go:273:   - gcp (namespace=GCP, version=v0.1.4)
    harness.go:273:   - grafana (namespace=GRAFANA, version=v0.1.1)
    harness.go:273:   - k8s (namespace=K8S, version=v0.1.1)
    harness.go:273:   - oci (namespace=OCI, version=v0.1.2)
    harness.go:273:   - ovh (namespace=OVH, version=v0.1.4)
    harness.go:645: Starting formae agent...
    harness.go:678: Waiting for agent to be ready...
[94m[94m	                                                                                [0m[38;2;181;181;91m[38;2;181;181;91m[0m
[94m   oooooo      ooooo            oooo     oooo     ooooo     [0m[38;2;181;181;91m  ooo     oooo    [0m
[94m 0oo       o0o0     oo0o      o0o      0oo   ooo0o    0o0   [0m[38;2;181;181;91m0o   00 0o   00o  [0m
[94mooo       0oo          o0    0o0      ooo     ooo      oo0  [0m[38;2;181;181;91mo0    0oo     oo  [0m
[94mooo      oo0           oo0   oo       oo       oo       oo  [0m[38;2;181;181;91m      o00  o0oo   [0m
[94moooooo0  ooo            oo   oo       oo       oo       oo  [0m[38;2;181;181;91m  o00 ooo         [0m
[94mooo       oo           0oo   oo       oo       oo       oo  [0m[38;2;181;181;91m00    o00    o0o  [0m
[94mooo        0oo       o0o     oo       oo       oo       oo  [0m[38;2;181;181;91mo0   oooo0   ooo  [0m
[94mooo           o00000oo       oo       oo       o0       oo  [0m[38;2;181;181;91m 0000o   0000o      v0.84.0[0m
[94m[0m[0m[38;2;181;181;91m[0m[0m
[2m2026-04-28T08:30:58+02:00[0m [93mWRN[0m plugin built against older SDK; skipping — upgrade to SDK 0.2.1 [2mplugin=[0mazure [2mversion=[0mv0.1.1 [2mpluginMinFormaeVersion=[0m0.83.0 [2msdkMinFormaeVersion=[0m0.84.0 [2mcurrentSDKVersion=[0m0.2.1
[2m2026-04-28T08:30:58+02:00[0m [93mWRN[0m plugin built against older SDK; skipping — upgrade to SDK 0.2.1 [2mplugin=[0mdocker [2mversion=[0mv0.1.0 [2mpluginMinFormaeVersion=[0m0.83.0 [2msdkMinFormaeVersion=[0m0.84.0 [2mcurrentSDKVersion=[0m0.2.1
[2m2026-04-28T08:30:58+02:00[0m [93mWRN[0m plugin built against older SDK; skipping — upgrade to SDK 0.2.1 [2mplugin=[0mgrafana [2mversion=[0mv0.1.1 [2mpluginMinFormaeVersion=[0m0.83.0 [2msdkMinFormaeVersion=[0m0.84.0 [2mcurrentSDKVersion=[0m0.2.1
[2m2026-04-28T08:30:58+02:00[0m [93mWRN[0m plugin built against older SDK; skipping — upgrade to SDK 0.2.1 [2mplugin=[0moci [2mversion=[0mv0.1.2 [2mpluginMinFormaeVersion=[0m0.83.0 [2msdkMinFormaeVersion=[0m0.84.0 [2mcurrentSDKVersion=[0m0.2.1
[2m2026-04-28T08:30:58+02:00[0m [92mINF[0m Starting agent [2mid=[0m3Ceyq6tnYm5iL1lwZP0nLxay2Qp
[2m2026-04-28T08:30:58+02:00[0m [93mWRN[0m Database migrations are starting. This may take a while depending on your dataset size. Please do not exit the application. [2mcurrentVersion=[0m0 [2mtargetVersion=[0m12
[2m2026-04-28T08:30:58+02:00[0m DBG OK   00001_initial_schema.sql (606µs)

[2m2026-04-28T08:30:58+02:00[0m DBG OK   00002_add_discoverable_column.sql (415.5µs)

[2m2026-04-28T08:30:58+02:00[0m DBG OK   00003_resource_updates.sql (196.63µs)

[2m2026-04-28T08:30:58+02:00[0m DBG OK   00004_normalize_forma_commands.sql (584.71µs)

[2m2026-04-28T08:30:58+02:00[0m DBG OK   00005_replace_forma_with_description.sql (482.92µs)

[2m2026-04-28T08:30:58+02:00[0m DBG OK   00006_remove_metadata_column.sql (281.88µs)

[2m2026-04-28T08:30:58+02:00[0m DBG OK   00007_stacks_table.sql (185.38µs)

[2m2026-04-28T08:30:58+02:00[0m DBG OK   00008_add_stack_updates_column.sql (111.04µs)

[2m2026-04-28T08:30:58+02:00[0m DBG OK   00009_convert_stack_id_to_ksuid.sql (75.79µs)

[2m2026-04-28T08:30:58+02:00[0m DBG OK   00010_policies_table.sql (208.04µs)

[2m2026-04-28T08:30:58+02:00[0m DBG OK   00011_stack_policies_table.sql (120.42µs)

[2m2026-04-28T08:30:58+02:00[0m DBG OK   00012_add_config_schema_column.sql (118.88µs)

[2m2026-04-28T08:30:58+02:00[0m DBG goose: successfully migrated database to version: 12

[2m2026-04-28T08:30:58+02:00[0m [92mINF[0m Database migrations completed successfully [2mpreviousVersion=[0m0 [2mcurrentVersion=[0m12 [2mduration=[0m5ms
[2m2026-04-28T08:30:58+02:00[0m [92mINF[0m Started SQLite datastore [2mfilePath=[0m/var/folders/ts/wd0xmbjx59v9bnn6pvtdfz780000gn/T/formae-test-4185085981/formae-test.db
[2m2026-04-28T08:30:58+02:00[0m [92mINF[0m Starting actor node [2mnode=[0mformae-2233d15e@localhost
[2m2026-04-28T08:30:58+02:00[0m [92mINF[0m application 'system_app' (permanent) started [node=A257D0E6]
[2m2026-04-28T08:30:58+02:00[0m DBG ResourceUpdater 'ResourceUpdater' initialized [pid=<A257D0E6.0.1005>] [name='ResourceUpdater'] [behavior=resource_update.ResourceUpdater]
[2m2026-04-28T08:30:58+02:00[0m DBG StateMachine: started in state 'initializing' [pid=<A257D0E6.0.1005>] [name='ResourceUpdater'] [behavior=resource_update.ResourceUpdater]
[2m2026-04-28T08:30:58+02:00[0m DBG TargetUpdater 'TargetUpdater' initialized [pid=<A257D0E6.0.1007>] [name='TargetUpdater'] [behavior=target_update.TargetUpdater]
[2m2026-04-28T08:30:58+02:00[0m DBG StateMachine: started in state 'not_started' [pid=<A257D0E6.0.1007>] [name='TargetUpdater'] [behavior=target_update.TargetUpdater]
[2m2026-04-28T08:30:58+02:00[0m DBG ResolveCache actor initialized maxRetries=9 retryDelay=10s [pid=<A257D0E6.0.1009>] [name='DummyResolveCache'] [behavior=changeset.ResolveCache]
[2m2026-04-28T08:30:58+02:00[0m DBG StateMachine: started in state 'not_started' [pid=<A257D0E6.0.1010>] [name='DummyChangesetExecutor'] [behavior=changeset.ChangesetExecutor]
[2m2026-04-28T08:30:58+02:00[0m DBG RateLimiter started with 0 buckets [pid=<A257D0E6.0.1012>] [name='RateLimiter'] [behavior=changeset.RateLimiter]
[2m2026-04-28T08:30:58+02:00[0m DBG PluginCoordinator started [pid=<A257D0E6.0.1013>] [name='PluginCoordinator'] [behavior=plugin_coordinator.PluginCoordinator]
[2m2026-04-28T08:30:58+02:00[0m DBG PluginProcessSupervisor started [pid=<A257D0E6.0.1014>] [name='PluginProcessSupervisor'] [behavior=plugin_process_supervisor.PluginProcessSupervisor]
[2m2026-04-28T08:30:58+02:00[0m DBG Discovered 4 resource plugins [pid=<A257D0E6.0.1014>] [name='PluginProcessSupervisor'] [behavior=plugin_process_supervisor.PluginProcessSupervisor]
[2m2026-04-28T08:30:58+02:00[0m DBG Discovered plugin: name=aws namespace=AWS version=v0.1.5 path=/Users/stheno/.pel/formae/plugins/aws/v0.1.5/aws [pid=<A257D0E6.0.1014>] [name='PluginProcessSupervisor'] [behavior=plugin_process_supervisor.PluginProcessSupervisor]
[2m2026-04-28T08:30:58+02:00[0m DBG Spawned plugin namespace=AWS node=formae-2233d15e-aws-plugin@localhost alias=Alias#<A257D0E6.121863.25257.0> [pid=<A257D0E6.0.1014>] [name='PluginProcessSupervisor'] [behavior=plugin_process_supervisor.PluginProcessSupervisor]
[2m2026-04-28T08:30:58+02:00[0m DBG Discovered plugin: name=gcp namespace=GCP version=v0.1.4 path=/Users/stheno/.pel/formae/plugins/gcp/v0.1.4/gcp [pid=<A257D0E6.0.1014>] [name='PluginProcessSupervisor'] [behavior=plugin_process_supervisor.PluginProcessSupervisor]
[2m2026-04-28T08:30:58+02:00[0m DBG Spawned plugin namespace=GCP node=formae-2233d15e-gcp-plugin@localhost alias=Alias#<A257D0E6.121864.25257.0> [pid=<A257D0E6.0.1014>] [name='PluginProcessSupervisor'] [behavior=plugin_process_supervisor.PluginProcessSupervisor]
[2m2026-04-28T08:30:58+02:00[0m DBG Discovered plugin: name=k8s namespace=K8S version=v0.1.1 path=/Users/stheno/.pel/formae/plugins/k8s/v0.1.1/k8s [pid=<A257D0E6.0.1014>] [name='PluginProcessSupervisor'] [behavior=plugin_process_supervisor.PluginProcessSupervisor]
[2m2026-04-28T08:30:58+02:00[0m DBG Spawned plugin namespace=K8S node=formae-2233d15e-k8s-plugin@localhost alias=Alias#<A257D0E6.121865.25257.0> [pid=<A257D0E6.0.1014>] [name='PluginProcessSupervisor'] [behavior=plugin_process_supervisor.PluginProcessSupervisor]
[2m2026-04-28T08:30:58+02:00[0m DBG Discovered plugin: name=ovh namespace=OVH version=v0.1.4 path=/Users/stheno/.pel/formae/plugins/ovh/v0.1.4/ovh [pid=<A257D0E6.0.1014>] [name='PluginProcessSupervisor'] [behavior=plugin_process_supervisor.PluginProcessSupervisor]
[2m2026-04-28T08:30:58+02:00[0m DBG Spawned plugin namespace=OVH node=formae-2233d15e-ovh-plugin@localhost alias=Alias#<A257D0E6.121866.25257.0> [pid=<A257D0E6.0.1014>] [name='PluginProcessSupervisor'] [behavior=plugin_process_supervisor.PluginProcessSupervisor]
[2m2026-04-28T08:30:58+02:00[0m DBG PluginProcessSupervisor initialized with 4 resource plugins, auth=false [pid=<A257D0E6.0.1014>] [name='PluginProcessSupervisor'] [behavior=plugin_process_supervisor.PluginProcessSupervisor]
[2m2026-04-28T08:30:58+02:00[0m DBG FormaCommandPersister initialized: datastoreType=sqlite.DatastoreSQLite [pid=<A257D0E6.0.1015>] [name='FormaCommandPersister'] [behavior=forma_persister.FormaCommandPersister]
[2m2026-04-28T08:30:58+02:00[0m DBG MetastructureBridge initialized [pid=<A257D0E6.0.1017>] [name='MetastructureBridge'] [behavior=metastructure.MetastructureBridge]
[2m2026-04-28T08:30:58+02:00[0m [93mWRN[0m Synchronization is disabled [pid=<A257D0E6.0.1018>] [name='Synchronizer'] [behavior=metastructure.Synchronizer]
[2m2026-04-28T08:30:58+02:00[0m DBG StateMachine: started in state 'idle' [pid=<A257D0E6.0.1018>] [name='Synchronizer'] [behavior=metastructure.Synchronizer]
[2m2026-04-28T08:30:58+02:00[0m DBG StateMachine: started in state 'Idle' [pid=<A257D0E6.0.1019>] [name='Discovery'] [behavior=discovery.Discovery]
[2m2026-04-28T08:30:58+02:00[0m [92mINF[0m Stack expirer ready, interval=5s [pid=<A257D0E6.0.1020>] [name='StackExpirer'] [behavior=metastructure.StackExpirer]
[2m2026-04-28T08:30:58+02:00[0m [92mINF[0m Found 0 stacks with auto-reconcile policies [pid=<A257D0E6.0.1021>] [name='AutoReconciler'] [behavior=metastructure.AutoReconciler]
[2m2026-04-28T08:30:58+02:00[0m [92mINF[0m Auto reconciler ready [pid=<A257D0E6.0.1021>] [name='AutoReconciler'] [behavior=metastructure.AutoReconciler]
[2m2026-04-28T08:30:58+02:00[0m DBG StateMachine: started in state 'auto_reconciler_idle' [pid=<A257D0E6.0.1021>] [name='AutoReconciler'] [behavior=metastructure.AutoReconciler]
[2m2026-04-28T08:30:58+02:00[0m [92mINF[0m application 'Application' (permanent) started [node=A257D0E6]
[2m2026-04-28T08:30:58+02:00[0m [92mINF[0m node 'formae-2233d15e@localhost' built with "Ergo Framework:3.2.0" successfully started [node=A257D0E6]
[2m2026-04-28T08:30:58+02:00[0m [92mINF[0m Agent started
    harness.go:667: Formae agent started and ready
    runner.go:1062: Step 1: Evaluating PKL file to get expected state...
    harness.go:848: Running formae eval with /Users/stheno/git/pel/plugins/formae-plugin-ovh/.worktrees/instance-conformance/testdata/instance.pkl
[2m2026-04-28T08:30:58+02:00[0m [92mINF[0m new connection with 'formae-2233d15e-gcp-plugin@localhost' (C6D96DB8) [node=A257D0E6]
[2m2026-04-28T08:30:58+02:00[0m DBG Received capabilities for namespace GCP: 47 resources, 47 schemas [pid=<A257D0E6.0.1013>] [name='PluginCoordinator'] [behavior=plugin_coordinator.PluginCoordinator]
[2m2026-04-28T08:30:58+02:00[0m [92mINF[0m Plugin registered: namespace=GCP node=formae-2233d15e-gcp-plugin@localhost rateLimit=1 resources=47 [pid=<A257D0E6.0.1013>] [name='PluginCoordinator'] [behavior=plugin_coordinator.PluginCoordinator]
[2m2026-04-28T08:30:58+02:00[0m DBG Registered namespace GCP with rate limit 1 [pid=<A257D0E6.0.1012>] [name='RateLimiter'] [behavior=changeset.RateLimiter]
[2m2026-04-28T08:30:58+02:00[0m [92mINF[0m new connection with 'formae-2233d15e-aws-plugin@localhost' (9D26078A) [node=A257D0E6]
[2m2026-04-28T08:30:58+02:00[0m DBG Received capabilities for namespace AWS: 220 resources, 220 schemas [pid=<A257D0E6.0.1013>] [name='PluginCoordinator'] [behavior=plugin_coordinator.PluginCoordinator]
[2m2026-04-28T08:30:58+02:00[0m [92mINF[0m Plugin registered: namespace=AWS node=formae-2233d15e-aws-plugin@localhost rateLimit=2 resources=220 [pid=<A257D0E6.0.1013>] [name='PluginCoordinator'] [behavior=plugin_coordinator.PluginCoordinator]
[2m2026-04-28T08:30:58+02:00[0m DBG Registered namespace AWS with rate limit 2 [pid=<A257D0E6.0.1012>] [name='RateLimiter'] [behavior=changeset.RateLimiter]
[2m2026-04-28T08:30:58+02:00[0m [92mINF[0m new connection with 'formae-2233d15e-k8s-plugin@localhost' (7E56FEB8) [node=A257D0E6]
    runner.go:1089: Expected resource type: OVH::Compute::Instance (provider default paths: 0)
    runner.go:1092: Step 2: Waiting for plugin to be registered...
    harness.go:1036: Waiting for plugin OVH to be registered...
[2m2026-04-28T08:30:58+02:00[0m DBG Received capabilities for namespace K8S: 36 resources, 36 schemas [pid=<A257D0E6.0.1013>] [name='PluginCoordinator'] [behavior=plugin_coordinator.PluginCoordinator]
[2m2026-04-28T08:30:58+02:00[0m [92mINF[0m Plugin registered: namespace=K8S node=formae-2233d15e-k8s-plugin@localhost rateLimit=10 resources=36 [pid=<A257D0E6.0.1013>] [name='PluginCoordinator'] [behavior=plugin_coordinator.PluginCoordinator]
[2m2026-04-28T08:30:58+02:00[0m DBG Registered namespace K8S with rate limit 10 [pid=<A257D0E6.0.1012>] [name='RateLimiter'] [behavior=changeset.RateLimiter]
[2m2026-04-28T08:30:58+02:00[0m [92mINF[0m new connection with 'formae-2233d15e-ovh-plugin@localhost' (B312F6E3) [node=A257D0E6]
[2m2026-04-28T08:30:58+02:00[0m DBG Received capabilities for namespace OVH: 36 resources, 36 schemas [pid=<A257D0E6.0.1013>] [name='PluginCoordinator'] [behavior=plugin_coordinator.PluginCoordinator]
[2m2026-04-28T08:30:58+02:00[0m [92mINF[0m Plugin registered: namespace=OVH node=formae-2233d15e-ovh-plugin@localhost rateLimit=2 resources=36 [pid=<A257D0E6.0.1013>] [name='PluginCoordinator'] [behavior=plugin_coordinator.PluginCoordinator]
[2m2026-04-28T08:30:58+02:00[0m DBG Registered namespace OVH with rate limit 2 [pid=<A257D0E6.0.1012>] [name='RateLimiter'] [behavior=changeset.RateLimiter]
    harness.go:1051: Plugin OVH registered successfully
    runner.go:1099: Step 3: Applying forma to create resource...
    harness.go:759: Running formae apply with /Users/stheno/git/pel/plugins/formae-plugin-ovh/.worktrees/instance-conformance/testdata/instance.pkl (mode: reconcile)
[2m2026-04-28T08:30:59+02:00[0m DBG SQLite START [2mmethod=[0mLoadAllTargets
[2m2026-04-28T08:30:59+02:00[0m DBG SQLite END [2mmethod=[0mLoadAllTargets [2mduration=[0m27.208µs
[2m2026-04-28T08:30:59+02:00[0m DBG Target resolvables extracted [2mlabel=[0movh-target [2mcount=[0m0 [2muris=[0m[]
[2m2026-04-28T08:30:59+02:00[0m DBG Generated target update [2mlabel=[0movh-target [2moperation=[0mcreate
[2m2026-04-28T08:30:59+02:00[0m DBG Target does not exist in existing targets - adding it [2mtarget=[0movh-target
[2m2026-04-28T08:30:59+02:00[0m DBG SQLite START [2mmethod=[0mLoadResourcesByStack [2mstack=[0mplugin-sdk-test-stack
[2m2026-04-28T08:30:59+02:00[0m DBG SQLite END [2mmethod=[0mLoadResourcesByStack [2mstack=[0mplugin-sdk-test-stack [2mduration=[0m14.541µs
[2m2026-04-28T08:30:59+02:00[0m DBG Generated stack update [2mlabel=[0mplugin-sdk-test-stack [2moperation=[0mcreate
[2m2026-04-28T08:30:59+02:00[0m DBG Storing forma command commandID=3CyVaSTufnLwu5Ii2ImgXplWACt [node=A257D0E6]
[2m2026-04-28T08:30:59+02:00[0m DBG Storing new Forma command commandID=3CyVaSTufnLwu5Ii2ImgXplWACt commandType=apply [pid=<A257D0E6.0.1015>] [name='FormaCommandPersister'] [behavior=forma_persister.FormaCommandPersister]
[2m2026-04-28T08:30:59+02:00[0m DBG SQLite START [2mmethod=[0mStoreFormaCommand [2mcommandID=[0m3CyVaSTufnLwu5Ii2ImgXplWACt [2mresourceUpdates=[0m3
[2m2026-04-28T08:30:59+02:00[0m DBG SQLite START [2mmethod=[0mBulkStoreResourceUpdates [2mcommandID=[0m3CyVaSTufnLwu5Ii2ImgXplWACt [2mcount=[0m3
[2m2026-04-28T08:30:59+02:00[0m DBG SQLite TX BEGIN [2mmethod=[0mBulkStoreResourceUpdates [2mcommandID=[0m3CyVaSTufnLwu5Ii2ImgXplWACt
[2m2026-04-28T08:30:59+02:00[0m DBG SQLite TX COMMIT [2mmethod=[0mBulkStoreResourceUpdates [2mcommandID=[0m3CyVaSTufnLwu5Ii2ImgXplWACt [2mtxDuration=[0m189.75µs
[2m2026-04-28T08:30:59+02:00[0m DBG SQLite END [2mmethod=[0mBulkStoreResourceUpdates [2mcommandID=[0m3CyVaSTufnLwu5Ii2ImgXplWACt [2mcount=[0m3 [2mduration=[0m249.083µs
[2m2026-04-28T08:30:59+02:00[0m DBG SQLite END [2mmethod=[0mStoreFormaCommand [2mcommandID=[0m3CyVaSTufnLwu5Ii2ImgXplWACt [2mduration=[0m1.279834ms
[2m2026-04-28T08:30:59+02:00[0m DBG Stored and cached new Forma command commandID=3CyVaSTufnLwu5Ii2ImgXplWACt [pid=<A257D0E6.0.1015>] [name='FormaCommandPersister'] [behavior=forma_persister.FormaCommandPersister]
[2m2026-04-28T08:30:59+02:00[0m DBG FormaCommandPersister HandleCall timing messageType=forma_persister.StoreNewFormaCommand duration=1.324583ms [pid=<A257D0E6.0.1015>] [name='FormaCommandPersister'] [behavior=forma_persister.FormaCommandPersister]
[2m2026-04-28T08:30:59+02:00[0m DBG Starting to persist stack updates count=1 commandID=3CyVaSTufnLwu5Ii2ImgXplWACt [pid=<A257D0E6.0.1016>] [name='ResourcePersister'] [behavior=resource_persister.ResourcePersister]
[2m2026-04-28T08:30:59+02:00[0m DBG Persisting stack update index=0 label=plugin-sdk-test-stack [pid=<A257D0E6.0.1016>] [name='ResourcePersister'] [behavior=resource_persister.ResourcePersister]
[2m2026-04-28T08:30:59+02:00[0m DBG Successfully persisted stack [2mlabel=[0mplugin-sdk-test-stack [2moperation=[0mcreate [2mversion=[0m2wvSTRzhbMbupt3g3zj65n0H6Cc
[2m2026-04-28T08:30:59+02:00[0m DBG Successfully persisted stack update index=0 label=plugin-sdk-test-stack [pid=<A257D0E6.0.1016>] [name='ResourcePersister'] [behavior=resource_persister.ResourcePersister]
[2m2026-04-28T08:30:59+02:00[0m DBG Finished persisting all stack updates commandID=3CyVaSTufnLwu5Ii2ImgXplWACt [pid=<A257D0E6.0.1016>] [name='ResourcePersister'] [behavior=resource_persister.ResourcePersister]
[2m2026-04-28T08:30:59+02:00[0m DBG Successfully persisted stack updates count=1 [node=A257D0E6]
[2m2026-04-28T08:30:59+02:00[0m DBG Updating Forma command with stack states commandID=3CyVaSTufnLwu5Ii2ImgXplWACt stackCount=1 [pid=<A257D0E6.0.1015>] [name='FormaCommandPersister'] [behavior=forma_persister.FormaCommandPersister]
[2m2026-04-28T08:30:59+02:00[0m DBG SQLite START [2mmethod=[0mStoreFormaCommand [2mcommandID=[0m3CyVaSTufnLwu5Ii2ImgXplWACt [2mresourceUpdates=[0m3
[2m2026-04-28T08:30:59+02:00[0m DBG SQLite START [2mmethod=[0mBulkStoreResourceUpdates [2mcommandID=[0m3CyVaSTufnLwu5Ii2ImgXplWACt [2mcount=[0m3
[2m2026-04-28T08:30:59+02:00[0m DBG SQLite TX BEGIN [2mmethod=[0mBulkStoreResourceUpdates [2mcommandID=[0m3CyVaSTufnLwu5Ii2ImgXplWACt
[2m2026-04-28T08:30:59+02:00[0m DBG SQLite TX COMMIT [2mmethod=[0mBulkStoreResourceUpdates [2mcommandID=[0m3CyVaSTufnLwu5Ii2ImgXplWACt [2mtxDuration=[0m65.125µs
[2m2026-04-28T08:30:59+02:00[0m DBG SQLite END [2mmethod=[0mBulkStoreResourceUpdates [2mcommandID=[0m3CyVaSTufnLwu5Ii2ImgXplWACt [2mcount=[0m3 [2mduration=[0m130.459µs
[2m2026-04-28T08:30:59+02:00[0m DBG SQLite END [2mmethod=[0mStoreFormaCommand [2mcommandID=[0m3CyVaSTufnLwu5Ii2ImgXplWACt [2mduration=[0m209.833µs
[2m2026-04-28T08:30:59+02:00[0m DBG Successfully updated Forma command with stack states commandID=3CyVaSTufnLwu5Ii2ImgXplWACt [pid=<A257D0E6.0.1015>] [name='FormaCommandPersister'] [behavior=forma_persister.FormaCommandPersister]
[2m2026-04-28T08:30:59+02:00[0m DBG FormaCommandPersister HandleCall timing messageType=messages.UpdateStackStates duration=249.292µs [pid=<A257D0E6.0.1015>] [name='FormaCommandPersister'] [behavior=forma_persister.FormaCommandPersister]
[2m2026-04-28T08:30:59+02:00[0m DBG Starting ChangesetExecutor of changeset from forma command commandID=3CyVaSTufnLwu5Ii2ImgXplWACt [node=A257D0E6]
[2m2026-04-28T08:30:59+02:00[0m DBG ensuring ChangesetExecutor for command 3CyVaSTufnLwu5Ii2ImgXplWACt [pid=<A257D0E6.0.1008>] [name='ChangesetSupervisor'] [behavior=changeset.ChangesetSupervisor]
[2m2026-04-28T08:30:59+02:00[0m DBG StateMachine: started in state 'not_started' [pid=<A257D0E6.0.1022>] [name='formae://changeset/executor/3CyVaSTufnLwu5Ii2ImgXplWACt'] [behavior=changeset.ChangesetExecutor]
[2m2026-04-28T08:30:59+02:00[0m DBG ChangesetSupervisor ensured ChangesetExecutor for 3CyVaSTufnLwu5Ii2ImgXplWACt [pid=<A257D0E6.0.1008>] [name='ChangesetSupervisor'] [behavior=changeset.ChangesetSupervisor]
[2m2026-04-28T08:30:59+02:00[0m DBG Sending Start message to ChangesetExecutor commandID=3CyVaSTufnLwu5Ii2ImgXplWACt [node=A257D0E6]
[2m2026-04-28T08:30:59+02:00[0m DBG ensuring ResolveCache for command 3CyVaSTufnLwu5Ii2ImgXplWACt [pid=<A257D0E6.0.1008>] [name='ChangesetSupervisor'] [behavior=changeset.ChangesetSupervisor]
[2m2026-04-28T08:30:59+02:00[0m DBG ResolveCache actor initialized maxRetries=9 retryDelay=10s [pid=<A257D0E6.0.1023>] [name='formae://changeset/resolve-cache/3CyVaSTufnLwu5Ii2ImgXplWACt'] [behavior=changeset.ResolveCache]
[2m2026-04-28T08:30:59+02:00[0m DBG ChangesetSupervisor ensured ResolveCache for 3CyVaSTufnLwu5Ii2ImgXplWACt [pid=<A257D0E6.0.1008>] [name='ChangesetSupervisor'] [behavior=changeset.ChangesetSupervisor]
[2m2026-04-28T08:30:59+02:00[0m DBG Paused Discovery for user changeset commandID=3CyVaSTufnLwu5Ii2ImgXplWACt [pid=<A257D0E6.0.1022>] [name='formae://changeset/executor/3CyVaSTufnLwu5Ii2ImgXplWACt'] [behavior=changeset.ChangesetExecutor]
[2m2026-04-28T08:30:59+02:00[0m DBG Starting target updater label=ovh-target operation=create [pid=<A257D0E6.0.1022>] [name='formae://changeset/executor/3CyVaSTufnLwu5Ii2ImgXplWACt'] [behavior=changeset.ChangesetExecutor]
[2m2026-04-28T08:30:59+02:00[0m DBG ensuring TargetUpdater for ovh-target [pid=<A257D0E6.0.1006>] [name='TargetUpdaterSupervisor'] [behavior=target_update.TargetUpdaterSupervisor]
[2m2026-04-28T08:30:59+02:00[0m DBG TargetUpdater 'target://ovh-target/target-updater/create/3CyVaSTufnLwu5Ii2ImgXplWACt' initialized [pid=<A257D0E6.0.1024>] [name='target://ovh-target/target-updater/create/3CyVaSTufnLwu5Ii2ImgXplWACt'] [behavior=target_update.TargetUpdater]
[2m2026-04-28T08:30:59+02:00[0m DBG Resource registered as in-progress, excluded from sync resourceURI=formae://3CyVaOdd5kUxUNKKQyvDla4OLGo# [pid=<A257D0E6.0.1018>] [name='Synchronizer'] [behavior=metastructure.Synchronizer]
[2m2026-04-28T08:30:59+02:00[0m DBG StateMachine: started in state 'not_started' [pid=<A257D0E6.0.1024>] [name='target://ovh-target/target-updater/create/3CyVaSTufnLwu5Ii2ImgXplWACt'] [behavior=target_update.TargetUpdater]
[2m2026-04-28T08:30:59+02:00[0m DBG Resource registered as in-progress, excluded from sync resourceURI=formae://3CyVaRRIsBv0ihVch9ZQ3Wgqv9f# [pid=<A257D0E6.0.1018>] [name='Synchronizer'] [behavior=metastructure.Synchronizer]
[2m2026-04-28T08:30:59+02:00[0m DBG TargetUpdaterSupervisor ensured TargetUpdater for ovh-target [pid=<A257D0E6.0.1006>] [name='TargetUpdaterSupervisor'] [behavior=target_update.TargetUpdaterSupervisor]
[2m2026-04-28T08:30:59+02:00[0m DBG Resource registered as in-progress, excluded from sync resourceURI=formae://3CyVaQ5YCvdX4AQ12UOgzmgKd18# [pid=<A257D0E6.0.1018>] [name='Synchronizer'] [behavior=metastructure.Synchronizer]
[2m2026-04-28T08:30:59+02:00[0m DBG StateMachine: switching to state 'processing' [pid=<A257D0E6.0.1022>] [name='formae://changeset/executor/3CyVaSTufnLwu5Ii2ImgXplWACt'] [behavior=changeset.ChangesetExecutor]
[2m2026-04-28T08:30:59+02:00[0m DBG Starting to persist target updates count=1 commandID=3CyVaSTufnLwu5Ii2ImgXplWACt [pid=<A257D0E6.0.1016>] [name='ResourcePersister'] [behavior=resource_persister.ResourcePersister]
[2m2026-04-28T08:30:59+02:00[0m DBG Persisting target update index=0 label=ovh-target [pid=<A257D0E6.0.1016>] [name='ResourcePersister'] [behavior=resource_persister.ResourcePersister]
[2m2026-04-28T08:30:59+02:00[0m DBG Successfully persisted target [2mlabel=[0movh-target [2moperation=[0mcreate [2mversion=[0movh-target_1
[2m2026-04-28T08:30:59+02:00[0m DBG Successfully persisted target update index=0 label=ovh-target [pid=<A257D0E6.0.1016>] [name='ResourcePersister'] [behavior=resource_persister.ResourcePersister]
[2m2026-04-28T08:30:59+02:00[0m DBG Finished persisting all target updates commandID=3CyVaSTufnLwu5Ii2ImgXplWACt [pid=<A257D0E6.0.1016>] [name='ResourcePersister'] [behavior=resource_persister.ResourcePersister]
[2m2026-04-28T08:30:59+02:00[0m DBG StateMachine: switching to state 'finished_successfully' [pid=<A257D0E6.0.1024>] [name='target://ovh-target/target-updater/create/3CyVaSTufnLwu5Ii2ImgXplWACt'] [behavior=target_update.TargetUpdater]
[2m2026-04-28T08:30:59+02:00[0m DBG TargetUpdater: sending TargetUpdateFinished to requester state='finished_successfully' target=ovh-target [pid=<A257D0E6.0.1024>] [name='target://ovh-target/target-updater/create/3CyVaSTufnLwu5Ii2ImgXplWACt'] [behavior=target_update.TargetUpdater]
[2m2026-04-28T08:30:59+02:00[0m DBG Marking target update as complete commandID=3CyVaSTufnLwu5Ii2ImgXplWACt target=ovh-target operation=create state=Success [pid=<A257D0E6.0.1015>] [name='FormaCommandPersister'] [behavior=forma_persister.FormaCommandPersister]
[2m2026-04-28T08:30:59+02:00[0m DBG SQLite START [2mmethod=[0mUpdateFormaCommandTargetUpdates [2mcommandID=[0m3CyVaSTufnLwu5Ii2ImgXplWACt [2mstate=[0mInProgress
[2m2026-04-28T08:30:59+02:00[0m DBG SQLite END [2mmethod=[0mUpdateFormaCommandTargetUpdates [2mcommandID=[0m3CyVaSTufnLwu5Ii2ImgXplWACt [2mduration=[0m73.583µs
[2m2026-04-28T08:30:59+02:00[0m DBG FormaCommandPersister HandleCall timing messageType=messages.MarkTargetUpdateAsComplete duration=154.208µs [pid=<A257D0E6.0.1015>] [name='FormaCommandPersister'] [behavior=forma_persister.FormaCommandPersister]
[2m2026-04-28T08:30:59+02:00[0m DBG Starting resource updater uri=formae://3CyVaOdd5kUxUNKKQyvDla4OLGo# operation=create [pid=<A257D0E6.0.1022>] [name='formae://changeset/executor/3CyVaSTufnLwu5Ii2ImgXplWACt'] [behavior=changeset.ChangesetExecutor]
[2m2026-04-28T08:30:59+02:00[0m DBG ensuring ResourceUpdater for formae://3CyVaOdd5kUxUNKKQyvDla4OLGo# [pid=<A257D0E6.0.1004>] [name='ResourceUpdaterSupervisor'] [behavior=resource_update.ResourceUpdaterSupervisor]
[2m2026-04-28T08:30:59+02:00[0m DBG ResourceUpdater 'formae://3CyVaOdd5kUxUNKKQyvDla4OLGo#/resource-updater/create/3CyVaSTufnLwu5Ii2ImgXplWACt' initialized [pid=<A257D0E6.0.1025>] [name='formae://3CyVaOdd5kUxUNKKQyvDla4OLGo#/resource-updater/create/3CyVaSTufnLwu5Ii2ImgXplWACt'] [behavior=resource_update.ResourceUpdater]
[2m2026-04-28T08:30:59+02:00[0m DBG StateMachine: started in state 'initializing' [pid=<A257D0E6.0.1025>] [name='formae://3CyVaOdd5kUxUNKKQyvDla4OLGo#/resource-updater/create/3CyVaSTufnLwu5Ii2ImgXplWACt'] [behavior=resource_update.ResourceUpdater]
[2m2026-04-28T08:30:59+02:00[0m DBG ResourceUpdaterSupervisor ensured ResourceUpdater for formae://3CyVaOdd5kUxUNKKQyvDla4OLGo# [pid=<A257D0E6.0.1004>] [name='ResourceUpdaterSupervisor'] [behavior=resource_update.ResourceUpdaterSupervisor]
[2m2026-04-28T08:30:59+02:00[0m DBG Spawning plugin operator via PluginCoordinator resourceURI=formae://3CyVaOdd5kUxUNKKQyvDla4OLGo# operation=Create namespace=OVH [pid=<A257D0E6.0.1025>] [name='formae://3CyVaOdd5kUxUNKKQyvDla4OLGo#/resource-updater/create/3CyVaSTufnLwu5Ii2ImgXplWACt'] [behavior=resource_update.ResourceUpdater]
[2m2026-04-28T08:30:59+02:00[0m DBG Remote spawned PluginOperator for namespace OVH on node 'formae-2233d15e-ovh-plugin@localhost': pid=<B312F6E3.0.1005> [pid=<A257D0E6.0.1013>] [name='PluginCoordinator'] [behavior=plugin_coordinator.PluginCoordinator]
[2m2026-04-28T08:30:59+02:00[0m DBG Resource updater: calling plugin operator process resourceURI=formae://3CyVaOdd5kUxUNKKQyvDla4OLGo# operation=Create pid=<B312F6E3.0.1005> [pid=<A257D0E6.0.1025>] [name='formae://3CyVaOdd5kUxUNKKQyvDla4OLGo#/resource-updater/create/3CyVaSTufnLwu5Ii2ImgXplWACt'] [behavior=resource_update.ResourceUpdater]
    harness.go:798: Apply command submitted, CommandID: 3CyVaSTufnLwu5Ii2ImgXplWACt
    runner.go:1109: Step 4: Polling for apply command completion...
    harness.go:1911: Polling status for command 3CyVaSTufnLwu5Ii2ImgXplWACt
    harness.go:1927: Command 3CyVaSTufnLwu5Ii2ImgXplWACt state: InProgress
[2m2026-04-28T08:31:00+02:00[0m DBG Updating resource state for formae://3CyVaOdd5kUxUNKKQyvDla4OLGo# to InProgress
[2m2026-04-28T08:31:00+02:00[0m DBG Setting NativeID from progress [2mnativeID=[0mb3c8ef6641dd48b9bcd400162fcc87a3/pn-2018168_100 [2muri=[0mformae://3CyVaOdd5kUxUNKKQyvDla4OLGo#
[2m2026-04-28T08:31:00+02:00[0m DBG ResourceUpdater: sending progress update to the forma command persister state='creating' resourceURI=formae://3CyVaOdd5kUxUNKKQyvDla4OLGo# progress=Create [pid=<A257D0E6.0.1025>] [name='formae://3CyVaOdd5kUxUNKKQyvDla4OLGo#/resource-updater/create/3CyVaSTufnLwu5Ii2ImgXplWACt'] [behavior=resource_update.ResourceUpdater]
[2m2026-04-28T08:31:00+02:00[0m DBG SQLite START [2mmethod=[0mUpdateResourceUpdateProgress [2mcommandID=[0m3CyVaSTufnLwu5Ii2ImgXplWACt [2mksuid=[0m3CyVaOdd5kUxUNKKQyvDla4OLGo [2mstate=[0mInProgress
[2m2026-04-28T08:31:00+02:00[0m DBG SQLite END [2mmethod=[0mUpdateResourceUpdateProgress [2mcommandID=[0m3CyVaSTufnLwu5Ii2ImgXplWACt [2mksuid=[0m3CyVaOdd5kUxUNKKQyvDla4OLGo [2mduration=[0m301.375µs
[2m2026-04-28T08:31:00+02:00[0m DBG SQLite START [2mmethod=[0mUpdateFormaCommandProgress [2mcommandID=[0m3CyVaSTufnLwu5Ii2ImgXplWACt [2mstate=[0mInProgress
[2m2026-04-28T08:31:00+02:00[0m DBG SQLite STMT [2mmethod=[0mUpdateFormaCommandProgress [2mstmt=[0mExec-UPDATE [2mphase=[0mbefore
[2m2026-04-28T08:31:00+02:00[0m DBG SQLite STMT [2mmethod=[0mUpdateFormaCommandProgress [2mstmt=[0mExec-UPDATE [2mphase=[0mafter [2mduration=[0m52.959µs [2merror=[0m<nil>
[2m2026-04-28T08:31:00+02:00[0m DBG SQLite END [2mmethod=[0mUpdateFormaCommandProgress [2mcommandID=[0m3CyVaSTufnLwu5Ii2ImgXplWACt [2mduration=[0m77.75µs
[2m2026-04-28T08:31:00+02:00[0m DBG FormaCommandPersister HandleCall timing messageType=messages.UpdateResourceProgress duration=460.875µs [pid=<A257D0E6.0.1015>] [name='FormaCommandPersister'] [behavior=forma_persister.FormaCommandPersister]
[2m2026-04-28T08:31:00+02:00[0m DBG StateMachine: scheduled state timeout%!(EXTRA string=state, string='creating', string=message, string=resource_update.PluginOperatorMissingInAction, string=duration, time.Duration=40s) [pid=<A257D0E6.0.1025>] [name='formae://3CyVaOdd5kUxUNKKQyvDla4OLGo#/resource-updater/create/3CyVaSTufnLwu5Ii2ImgXplWACt'] [behavior=resource_update.ResourceUpdater]
[2m2026-04-28T08:31:00+02:00[0m DBG StateMachine: switching to state 'creating' [pid=<A257D0E6.0.1025>] [name='formae://3CyVaOdd5kUxUNKKQyvDla4OLGo#/resource-updater/create/3CyVaSTufnLwu5Ii2ImgXplWACt'] [behavior=resource_update.ResourceUpdater]
    harness.go:1927: Command 3CyVaSTufnLwu5Ii2ImgXplWACt state: InProgress
[2m2026-04-28T08:31:03+02:00[0m DBG SQLite START [2mmethod=[0mGetExpiredStacks
[2m2026-04-28T08:31:03+02:00[0m DBG SQLite END [2mmethod=[0mGetExpiredStacks [2mduration=[0m1.060125ms
    harness.go:1927: Command 3CyVaSTufnLwu5Ii2ImgXplWACt state: InProgress
    harness.go:1927: Command 3CyVaSTufnLwu5Ii2ImgXplWACt state: InProgress
    harness.go:1927: Command 3CyVaSTufnLwu5Ii2ImgXplWACt state: InProgress
[2m2026-04-28T08:31:08+02:00[0m DBG SQLite START [2mmethod=[0mGetExpiredStacks
[2m2026-04-28T08:31:08+02:00[0m DBG SQLite END [2mmethod=[0mGetExpiredStacks [2mduration=[0m1.22575ms
    harness.go:1927: Command 3CyVaSTufnLwu5Ii2ImgXplWACt state: InProgress
    harness.go:1927: Command 3CyVaSTufnLwu5Ii2ImgXplWACt state: InProgress
[2m2026-04-28T08:31:13+02:00[0m DBG SQLite START [2mmethod=[0mGetExpiredStacks
[2m2026-04-28T08:31:13+02:00[0m DBG SQLite END [2mmethod=[0mGetExpiredStacks [2mduration=[0m1.426084ms
    harness.go:1927: Command 3CyVaSTufnLwu5Ii2ImgXplWACt state: InProgress
    harness.go:1927: Command 3CyVaSTufnLwu5Ii2ImgXplWACt state: InProgress
    harness.go:1927: Command 3CyVaSTufnLwu5Ii2ImgXplWACt state: InProgress
[2m2026-04-28T08:31:18+02:00[0m DBG SQLite START [2mmethod=[0mGetExpiredStacks
[2m2026-04-28T08:31:18+02:00[0m DBG SQLite END [2mmethod=[0mGetExpiredStacks [2mduration=[0m2.11125ms
    harness.go:1927: Command 3CyVaSTufnLwu5Ii2ImgXplWACt state: InProgress
    harness.go:1927: Command 3CyVaSTufnLwu5Ii2ImgXplWACt state: InProgress
[2m2026-04-28T08:31:22+02:00[0m DBG Updating resource state for formae://3CyVaOdd5kUxUNKKQyvDla4OLGo# to InProgress
[2m2026-04-28T08:31:22+02:00[0m DBG Setting NativeID from progress [2mnativeID=[0mb3c8ef6641dd48b9bcd400162fcc87a3/pn-2018168_100 [2muri=[0mformae://3CyVaOdd5kUxUNKKQyvDla4OLGo#
[2m2026-04-28T08:31:22+02:00[0m DBG Resource command successful, persisting... [2mstackLabel=[0mplugin-sdk-test-stack [2mresourceLabel=[0mplugin-sdk-test-instance-network [2mcommand=[0mcreate
[2m2026-04-28T08:31:22+02:00[0m DBG SQLite START [2mmethod=[0mStoreResource [2mksuid=[0m3CyVaOdd5kUxUNKKQyvDla4OLGo [2mlabel=[0mplugin-sdk-test-instance-network
[2m2026-04-28T08:31:22+02:00[0m DBG SQLite START [2mmethod=[0mstoreResource [2mksuid=[0m3CyVaOdd5kUxUNKKQyvDla4OLGo [2mlabel=[0mplugin-sdk-test-instance-network [2moperation=[0mupdate
[2m2026-04-28T08:31:22+02:00[0m DBG SQLite END [2mmethod=[0mstoreResource [2mksuid=[0m3CyVaOdd5kUxUNKKQyvDla4OLGo [2moperation=[0mupdate [2mduration=[0m516.416µs
[2m2026-04-28T08:31:22+02:00[0m DBG SQLite END [2mmethod=[0mStoreResource [2mksuid=[0m3CyVaOdd5kUxUNKKQyvDla4OLGo [2mduration=[0m639.417µs
[2m2026-04-28T08:31:22+02:00[0m DBG Successfully persisted resource operation [2mstackLabel=[0mplugin-sdk-test-stack [2mresourceLabel=[0mplugin-sdk-test-instance-network [2mcommand=[0mcreate [2mhash=[0m3CyVaOdd5kUxUNKKQyvDla4OLGo_2wvSXqn0qN7TDTjrRKThtlYjkxc
[2m2026-04-28T08:31:22+02:00[0m DBG Resource command persisted [2mresourceLabel=[0mplugin-sdk-test-instance-network [2mstackLabel=[0mplugin-sdk-test-stack [2mhash=[0m3CyVaOdd5kUxUNKKQyvDla4OLGo_2wvSXqn0qN7TDTjrRKThtlYjkxc
[2m2026-04-28T08:31:22+02:00[0m DBG ResourceUpdater: persisting success progress after resource persist state='creating' resourceURI=formae://3CyVaOdd5kUxUNKKQyvDla4OLGo# [pid=<A257D0E6.0.1025>] [name='formae://3CyVaOdd5kUxUNKKQyvDla4OLGo#/resource-updater/create/3CyVaSTufnLwu5Ii2ImgXplWACt'] [behavior=resource_update.ResourceUpdater]
[2m2026-04-28T08:31:22+02:00[0m DBG SQLite START [2mmethod=[0mUpdateResourceUpdateProgress [2mcommandID=[0m3CyVaSTufnLwu5Ii2ImgXplWACt [2mksuid=[0m3CyVaOdd5kUxUNKKQyvDla4OLGo [2mstate=[0mInProgress
[2m2026-04-28T08:31:22+02:00[0m DBG SQLite END [2mmethod=[0mUpdateResourceUpdateProgress [2mcommandID=[0m3CyVaSTufnLwu5Ii2ImgXplWACt [2mksuid=[0m3CyVaOdd5kUxUNKKQyvDla4OLGo [2mduration=[0m118.125µs
[2m2026-04-28T08:31:22+02:00[0m DBG SQLite START [2mmethod=[0mUpdateFormaCommandProgress [2mcommandID=[0m3CyVaSTufnLwu5Ii2ImgXplWACt [2mstate=[0mInProgress
[2m2026-04-28T08:31:22+02:00[0m DBG SQLite STMT [2mmethod=[0mUpdateFormaCommandProgress [2mstmt=[0mExec-UPDATE [2mphase=[0mbefore
[2m2026-04-28T08:31:22+02:00[0m DBG SQLite STMT [2mmethod=[0mUpdateFormaCommandProgress [2mstmt=[0mExec-UPDATE [2mphase=[0mafter [2mduration=[0m28.625µs [2merror=[0m<nil>
[2m2026-04-28T08:31:22+02:00[0m DBG SQLite END [2mmethod=[0mUpdateFormaCommandProgress [2mcommandID=[0m3CyVaSTufnLwu5Ii2ImgXplWACt [2mduration=[0m45.958µs
[2m2026-04-28T08:31:22+02:00[0m DBG FormaCommandPersister HandleCall timing messageType=messages.UpdateResourceProgress duration=215.042µs [pid=<A257D0E6.0.1015>] [name='FormaCommandPersister'] [behavior=forma_persister.FormaCommandPersister]
[2m2026-04-28T08:31:22+02:00[0m DBG StateMachine: switching to state 'finished_successfully' [pid=<A257D0E6.0.1025>] [name='formae://3CyVaOdd5kUxUNKKQyvDla4OLGo#/resource-updater/create/3CyVaSTufnLwu5Ii2ImgXplWACt'] [behavior=resource_update.ResourceUpdater]
[2m2026-04-28T08:31:22+02:00[0m DBG StateMachine: canceling state timeout due to state transition%!(EXTRA string=fromState, string='creating', string=toState, string='finished_successfully', string=timeoutState, string='creating', string=timeoutMessage, string=resource_update.PluginOperatorMissingInAction) [pid=<A257D0E6.0.1025>] [name='formae://3CyVaOdd5kUxUNKKQyvDla4OLGo#/resource-updater/create/3CyVaSTufnLwu5Ii2ImgXplWACt'] [behavior=resource_update.ResourceUpdater]
[2m2026-04-28T08:31:22+02:00[0m DBG ResourceUpdater: sending completion message to forma command persister state='finished_successfully' commandID=3CyVaSTufnLwu5Ii2ImgXplWACt [pid=<A257D0E6.0.1025>] [name='formae://3CyVaOdd5kUxUNKKQyvDla4OLGo#/resource-updater/create/3CyVaSTufnLwu5Ii2ImgXplWACt'] [behavior=resource_update.ResourceUpdater]
[2m2026-04-28T08:31:22+02:00[0m DBG SQLite START [2mmethod=[0mUpdateResourceUpdateState [2mcommandID=[0m3CyVaSTufnLwu5Ii2ImgXplWACt [2mksuid=[0m3CyVaOdd5kUxUNKKQyvDla4OLGo [2mstate=[0mSuccess
[2m2026-04-28T08:31:22+02:00[0m DBG SQLite END [2mmethod=[0mUpdateResourceUpdateState [2mcommandID=[0m3CyVaSTufnLwu5Ii2ImgXplWACt [2mksuid=[0m3CyVaOdd5kUxUNKKQyvDla4OLGo [2mduration=[0m35.917µs
[2m2026-04-28T08:31:22+02:00[0m DBG MarkResourceUpdateAsComplete: decremented pendingCompletions commandID=3CyVaSTufnLwu5Ii2ImgXplWACt ksuid=3CyVaOdd5kUxUNKKQyvDla4OLGo operation=create finalState=Success pendingCompletions=2 totalResourceUpdates=3 [pid=<A257D0E6.0.1015>] [name='FormaCommandPersister'] [behavior=forma_persister.FormaCommandPersister]
[2m2026-04-28T08:31:22+02:00[0m DBG MarkResourceUpdateAsComplete: computed overallCommandState%!(EXTRA string=commandID, string=3CyVaSTufnLwu5Ii2ImgXplWACt, string=newState, forma_command.CommandState=InProgress, string=pendingCompletions, int=2) [pid=<A257D0E6.0.1015>] [name='FormaCommandPersister'] [behavior=forma_persister.FormaCommandPersister]
[2m2026-04-28T08:31:22+02:00[0m DBG SQLite START [2mmethod=[0mUpdateFormaCommandProgress [2mcommandID=[0m3CyVaSTufnLwu5Ii2ImgXplWACt [2mstate=[0mInProgress
[2m2026-04-28T08:31:22+02:00[0m DBG SQLite STMT [2mmethod=[0mUpdateFormaCommandProgress [2mstmt=[0mExec-UPDATE [2mphase=[0mbefore
[2m2026-04-28T08:31:22+02:00[0m DBG SQLite STMT [2mmethod=[0mUpdateFormaCommandProgress [2mstmt=[0mExec-UPDATE [2mphase=[0mafter [2mduration=[0m20.792µs [2merror=[0m<nil>
[2m2026-04-28T08:31:22+02:00[0m DBG SQLite END [2mmethod=[0mUpdateFormaCommandProgress [2mcommandID=[0m3CyVaSTufnLwu5Ii2ImgXplWACt [2mduration=[0m31.375µs
[2m2026-04-28T08:31:22+02:00[0m DBG FormaCommandPersister HandleCall timing messageType=messages.MarkResourceUpdateAsComplete duration=107.416µs [pid=<A257D0E6.0.1015>] [name='FormaCommandPersister'] [behavior=forma_persister.FormaCommandPersister]
[2m2026-04-28T08:31:22+02:00[0m DBG ResourceUpdater: MarkAsComplete call succeeded commandID=3CyVaSTufnLwu5Ii2ImgXplWACt ksuid=3CyVaOdd5kUxUNKKQyvDla4OLGo operation=create [pid=<A257D0E6.0.1025>] [name='formae://3CyVaOdd5kUxUNKKQyvDla4OLGo#/resource-updater/create/3CyVaSTufnLwu5Ii2ImgXplWACt'] [behavior=resource_update.ResourceUpdater]
[2m2026-04-28T08:31:22+02:00[0m DBG ResourceUpdater: sending ResourceUpdateFinished message to requester state='finished_successfully' uri=formae://3CyVaOdd5kUxUNKKQyvDla4OLGo# [pid=<A257D0E6.0.1025>] [name='formae://3CyVaOdd5kUxUNKKQyvDla4OLGo#/resource-updater/create/3CyVaSTufnLwu5Ii2ImgXplWACt'] [behavior=resource_update.ResourceUpdater]
[2m2026-04-28T08:31:22+02:00[0m DBG ResourceUpdater: sending shutdown message to self state='finished_successfully' [pid=<A257D0E6.0.1025>] [name='formae://3CyVaOdd5kUxUNKKQyvDla4OLGo#/resource-updater/create/3CyVaSTufnLwu5Ii2ImgXplWACt'] [behavior=resource_update.ResourceUpdater]
[2m2026-04-28T08:31:22+02:00[0m DBG Starting resource updater uri=formae://3CyVaRRIsBv0ihVch9ZQ3Wgqv9f# operation=create [pid=<A257D0E6.0.1022>] [name='formae://changeset/executor/3CyVaSTufnLwu5Ii2ImgXplWACt'] [behavior=changeset.ChangesetExecutor]
[2m2026-04-28T08:31:22+02:00[0m DBG ensuring ResourceUpdater for formae://3CyVaRRIsBv0ihVch9ZQ3Wgqv9f# [pid=<A257D0E6.0.1004>] [name='ResourceUpdaterSupervisor'] [behavior=resource_update.ResourceUpdaterSupervisor]
[2m2026-04-28T08:31:22+02:00[0m DBG ResourceUpdater 'formae://3CyVaRRIsBv0ihVch9ZQ3Wgqv9f#/resource-updater/create/3CyVaSTufnLwu5Ii2ImgXplWACt' initialized [pid=<A257D0E6.0.1026>] [name='formae://3CyVaRRIsBv0ihVch9ZQ3Wgqv9f#/resource-updater/create/3CyVaSTufnLwu5Ii2ImgXplWACt'] [behavior=resource_update.ResourceUpdater]
[2m2026-04-28T08:31:22+02:00[0m DBG StateMachine: started in state 'initializing' [pid=<A257D0E6.0.1026>] [name='formae://3CyVaRRIsBv0ihVch9ZQ3Wgqv9f#/resource-updater/create/3CyVaSTufnLwu5Ii2ImgXplWACt'] [behavior=resource_update.ResourceUpdater]
[2m2026-04-28T08:31:22+02:00[0m DBG ResourceUpdaterSupervisor ensured ResourceUpdater for formae://3CyVaRRIsBv0ihVch9ZQ3Wgqv9f# [pid=<A257D0E6.0.1004>] [name='ResourceUpdaterSupervisor'] [behavior=resource_update.ResourceUpdaterSupervisor]
[2m2026-04-28T08:31:22+02:00[0m DBG StateMachine: scheduled state timeout%!(EXTRA string=state, string='resolving', string=message, string=resource_update.ResolveCacheMissingInAction, string=duration, time.Duration=3m20s) [pid=<A257D0E6.0.1026>] [name='formae://3CyVaRRIsBv0ihVch9ZQ3Wgqv9f#/resource-updater/create/3CyVaSTufnLwu5Ii2ImgXplWACt'] [behavior=resource_update.ResourceUpdater]
[2m2026-04-28T08:31:22+02:00[0m DBG Cache miss for resource URI uri=formae://3CyVaOdd5kUxUNKKQyvDla4OLGo#/id [pid=<A257D0E6.0.1023>] [name='formae://changeset/resolve-cache/3CyVaSTufnLwu5Ii2ImgXplWACt'] [behavior=changeset.ResolveCache]
[2m2026-04-28T08:31:22+02:00[0m DBG StateMachine: switching to state 'resolving' [pid=<A257D0E6.0.1026>] [name='formae://3CyVaRRIsBv0ihVch9ZQ3Wgqv9f#/resource-updater/create/3CyVaSTufnLwu5Ii2ImgXplWACt'] [behavior=resource_update.ResourceUpdater]
[2m2026-04-28T08:31:22+02:00[0m DBG Remote spawned PluginOperator for namespace OVH on node 'formae-2233d15e-ovh-plugin@localhost': pid=<B312F6E3.0.1006> [pid=<A257D0E6.0.1013>] [name='PluginCoordinator'] [behavior=plugin_coordinator.PluginCoordinator]
[2m2026-04-28T08:31:22+02:00[0m [92mINF[0m ResolveCache: recoverable error, retrying errorCode=NotFound resourceURI=formae://3CyVaOdd5kUxUNKKQyvDla4OLGo#/id attempt=1 maxRetries=9 [pid=<A257D0E6.0.1023>] [name='formae://changeset/resolve-cache/3CyVaSTufnLwu5Ii2ImgXplWACt'] [behavior=changeset.ResolveCache]
[2m2026-04-28T08:31:23+02:00[0m DBG SQLite START [2mmethod=[0mGetExpiredStacks
[2m2026-04-28T08:31:23+02:00[0m DBG SQLite END [2mmethod=[0mGetExpiredStacks [2mduration=[0m390.75µs
    harness.go:1927: Command 3CyVaSTufnLwu5Ii2ImgXplWACt state: InProgress
    harness.go:1927: Command 3CyVaSTufnLwu5Ii2ImgXplWACt state: InProgress
[2m2026-04-28T08:31:28+02:00[0m DBG SQLite START [2mmethod=[0mGetExpiredStacks
[2m2026-04-28T08:31:28+02:00[0m DBG SQLite END [2mmethod=[0mGetExpiredStacks [2mduration=[0m350.083µs
    harness.go:1927: Command 3CyVaSTufnLwu5Ii2ImgXplWACt state: InProgress
    harness.go:1927: Command 3CyVaSTufnLwu5Ii2ImgXplWACt state: InProgress
    harness.go:1927: Command 3CyVaSTufnLwu5Ii2ImgXplWACt state: InProgress
[2m2026-04-28T08:31:32+02:00[0m DBG Remote spawned PluginOperator for namespace OVH on node 'formae-2233d15e-ovh-plugin@localhost': pid=<B312F6E3.0.1007> [pid=<A257D0E6.0.1013>] [name='PluginCoordinator'] [behavior=plugin_coordinator.PluginCoordinator]
[2m2026-04-28T08:31:33+02:00[0m DBG SQLite START [2mmethod=[0mGetExpiredStacks
[2m2026-04-28T08:31:33+02:00[0m DBG SQLite END [2mmethod=[0mGetExpiredStacks [2mduration=[0m359µs
[2m2026-04-28T08:31:33+02:00[0m [92mINF[0m ResolveCache: recoverable error, retrying errorCode=NotFound resourceURI=formae://3CyVaOdd5kUxUNKKQyvDla4OLGo#/id attempt=2 maxRetries=9 [pid=<A257D0E6.0.1023>] [name='formae://changeset/resolve-cache/3CyVaSTufnLwu5Ii2ImgXplWACt'] [behavior=changeset.ResolveCache]
[2m2026-04-28T08:31:33+02:00[0m [91mERR[0m Received unknown message type=plugin.TrackedProgress [pid=<A257D0E6.0.1023>] [name='formae://changeset/resolve-cache/3CyVaSTufnLwu5Ii2ImgXplWACt'] [behavior=changeset.ResolveCache]
    harness.go:1927: Command 3CyVaSTufnLwu5Ii2ImgXplWACt state: InProgress
    harness.go:1927: Command 3CyVaSTufnLwu5Ii2ImgXplWACt state: InProgress
[2m2026-04-28T08:31:38+02:00[0m DBG SQLite START [2mmethod=[0mGetExpiredStacks
[2m2026-04-28T08:31:38+02:00[0m DBG SQLite END [2mmethod=[0mGetExpiredStacks [2mduration=[0m333.167µs
    harness.go:1927: Command 3CyVaSTufnLwu5Ii2ImgXplWACt state: InProgress
    harness.go:1927: Command 3CyVaSTufnLwu5Ii2ImgXplWACt state: InProgress
    harness.go:1927: Command 3CyVaSTufnLwu5Ii2ImgXplWACt state: InProgress
[2m2026-04-28T08:31:43+02:00[0m DBG SQLite START [2mmethod=[0mGetExpiredStacks
[2m2026-04-28T08:31:43+02:00[0m DBG SQLite END [2mmethod=[0mGetExpiredStacks [2mduration=[0m705.709µs
[2m2026-04-28T08:31:43+02:00[0m DBG Remote spawned PluginOperator for namespace OVH on node 'formae-2233d15e-ovh-plugin@localhost': pid=<B312F6E3.0.1008> [pid=<A257D0E6.0.1013>] [name='PluginCoordinator'] [behavior=plugin_coordinator.PluginCoordinator]
[2m2026-04-28T08:31:44+02:00[0m [92mINF[0m ResolveCache: recoverable error, retrying errorCode=NotFound resourceURI=formae://3CyVaOdd5kUxUNKKQyvDla4OLGo#/id attempt=3 maxRetries=9 [pid=<A257D0E6.0.1023>] [name='formae://changeset/resolve-cache/3CyVaSTufnLwu5Ii2ImgXplWACt'] [behavior=changeset.ResolveCache]
[2m2026-04-28T08:31:44+02:00[0m [91mERR[0m Received unknown message type=plugin.TrackedProgress [pid=<A257D0E6.0.1023>] [name='formae://changeset/resolve-cache/3CyVaSTufnLwu5Ii2ImgXplWACt'] [behavior=changeset.ResolveCache]
[2m2026-04-28T08:31:44+02:00[0m [91mERR[0m Received unknown message type=plugin.TrackedProgress [pid=<A257D0E6.0.1023>] [name='formae://changeset/resolve-cache/3CyVaSTufnLwu5Ii2ImgXplWACt'] [behavior=changeset.ResolveCache]
    harness.go:1927: Command 3CyVaSTufnLwu5Ii2ImgXplWACt state: InProgress
    harness.go:1927: Command 3CyVaSTufnLwu5Ii2ImgXplWACt state: InProgress
[2m2026-04-28T08:31:48+02:00[0m DBG SQLite START [2mmethod=[0mGetExpiredStacks
[2m2026-04-28T08:31:48+02:00[0m DBG SQLite END [2mmethod=[0mGetExpiredStacks [2mduration=[0m727.5µs
    harness.go:1927: Command 3CyVaSTufnLwu5Ii2ImgXplWACt state: InProgress
    harness.go:1927: Command 3CyVaSTufnLwu5Ii2ImgXplWACt state: InProgress
    harness.go:1927: Command 3CyVaSTufnLwu5Ii2ImgXplWACt state: InProgress
[2m2026-04-28T08:31:53+02:00[0m DBG SQLite START [2mmethod=[0mGetExpiredStacks
[2m2026-04-28T08:31:53+02:00[0m DBG SQLite END [2mmethod=[0mGetExpiredStacks [2mduration=[0m450.792µs
[2m2026-04-28T08:31:54+02:00[0m DBG Remote spawned PluginOperator for namespace OVH on node 'formae-2233d15e-ovh-plugin@localhost': pid=<B312F6E3.0.1009> [pid=<A257D0E6.0.1013>] [name='PluginCoordinator'] [behavior=plugin_coordinator.PluginCoordinator]
[2m2026-04-28T08:31:54+02:00[0m [92mINF[0m ResolveCache: recoverable error, retrying errorCode=NotFound resourceURI=formae://3CyVaOdd5kUxUNKKQyvDla4OLGo#/id attempt=4 maxRetries=9 [pid=<A257D0E6.0.1023>] [name='formae://changeset/resolve-cache/3CyVaSTufnLwu5Ii2ImgXplWACt'] [behavior=changeset.ResolveCache]
[2m2026-04-28T08:31:54+02:00[0m [91mERR[0m Received unknown message type=plugin.TrackedProgress [pid=<A257D0E6.0.1023>] [name='formae://changeset/resolve-cache/3CyVaSTufnLwu5Ii2ImgXplWACt'] [behavior=changeset.ResolveCache]
[2m2026-04-28T08:31:54+02:00[0m [91mERR[0m Received unknown message type=plugin.TrackedProgress [pid=<A257D0E6.0.1023>] [name='formae://changeset/resolve-cache/3CyVaSTufnLwu5Ii2ImgXplWACt'] [behavior=changeset.ResolveCache]
[2m2026-04-28T08:31:55+02:00[0m [91mERR[0m Received unknown message type=plugin.TrackedProgress [pid=<A257D0E6.0.1023>] [name='formae://changeset/resolve-cache/3CyVaSTufnLwu5Ii2ImgXplWACt'] [behavior=changeset.ResolveCache]
    harness.go:1927: Command 3CyVaSTufnLwu5Ii2ImgXplWACt state: InProgress
    harness.go:1927: Command 3CyVaSTufnLwu5Ii2ImgXplWACt state: InProgress
[2m2026-04-28T08:31:58+02:00[0m DBG SQLite START [2mmethod=[0mGetExpiredStacks
[2m2026-04-28T08:31:58+02:00[0m DBG SQLite END [2mmethod=[0mGetExpiredStacks [2mduration=[0m517.458µs
    harness.go:1927: Command 3CyVaSTufnLwu5Ii2ImgXplWACt state: InProgress
    harness.go:1927: Command 3CyVaSTufnLwu5Ii2ImgXplWACt state: InProgress
[2m2026-04-28T08:32:03+02:00[0m DBG SQLite START [2mmethod=[0mGetExpiredStacks
[2m2026-04-28T08:32:03+02:00[0m DBG SQLite END [2mmethod=[0mGetExpiredStacks [2mduration=[0m629.041µs
    harness.go:1927: Command 3CyVaSTufnLwu5Ii2ImgXplWACt state: InProgress
[2m2026-04-28T08:32:04+02:00[0m DBG Remote spawned PluginOperator for namespace OVH on node 'formae-2233d15e-ovh-plugin@localhost': pid=<B312F6E3.0.1010> [pid=<A257D0E6.0.1013>] [name='PluginCoordinator'] [behavior=plugin_coordinator.PluginCoordinator]
    harness.go:1927: Command 3CyVaSTufnLwu5Ii2ImgXplWACt state: InProgress
[2m2026-04-28T08:32:05+02:00[0m [92mINF[0m ResolveCache: recoverable error, retrying errorCode=NotFound resourceURI=formae://3CyVaOdd5kUxUNKKQyvDla4OLGo#/id attempt=5 maxRetries=9 [pid=<A257D0E6.0.1023>] [name='formae://changeset/resolve-cache/3CyVaSTufnLwu5Ii2ImgXplWACt'] [behavior=changeset.ResolveCache]
[2m2026-04-28T08:32:05+02:00[0m [91mERR[0m Received unknown message type=plugin.TrackedProgress [pid=<A257D0E6.0.1023>] [name='formae://changeset/resolve-cache/3CyVaSTufnLwu5Ii2ImgXplWACt'] [behavior=changeset.ResolveCache]
[2m2026-04-28T08:32:05+02:00[0m [91mERR[0m Received unknown message type=plugin.TrackedProgress [pid=<A257D0E6.0.1023>] [name='formae://changeset/resolve-cache/3CyVaSTufnLwu5Ii2ImgXplWACt'] [behavior=changeset.ResolveCache]
[2m2026-04-28T08:32:05+02:00[0m [91mERR[0m Received unknown message type=plugin.TrackedProgress [pid=<A257D0E6.0.1023>] [name='formae://changeset/resolve-cache/3CyVaSTufnLwu5Ii2ImgXplWACt'] [behavior=changeset.ResolveCache]
[2m2026-04-28T08:32:05+02:00[0m [91mERR[0m Received unknown message type=plugin.TrackedProgress [pid=<A257D0E6.0.1023>] [name='formae://changeset/resolve-cache/3CyVaSTufnLwu5Ii2ImgXplWACt'] [behavior=changeset.ResolveCache]
    harness.go:1927: Command 3CyVaSTufnLwu5Ii2ImgXplWACt state: InProgress
[2m2026-04-28T08:32:08+02:00[0m DBG SQLite START [2mmethod=[0mGetExpiredStacks
[2m2026-04-28T08:32:08+02:00[0m DBG SQLite END [2mmethod=[0mGetExpiredStacks [2mduration=[0m716.416µs
    harness.go:1927: Command 3CyVaSTufnLwu5Ii2ImgXplWACt state: InProgress
    harness.go:1927: Command 3CyVaSTufnLwu5Ii2ImgXplWACt state: InProgress
[2m2026-04-28T08:32:13+02:00[0m DBG SQLite START [2mmethod=[0mGetExpiredStacks
[2m2026-04-28T08:32:13+02:00[0m DBG SQLite END [2mmethod=[0mGetExpiredStacks [2mduration=[0m505.958µs
    harness.go:1927: Command 3CyVaSTufnLwu5Ii2ImgXplWACt state: InProgress
    harness.go:1927: Command 3CyVaSTufnLwu5Ii2ImgXplWACt state: InProgress
[2m2026-04-28T08:32:15+02:00[0m DBG Remote spawned PluginOperator for namespace OVH on node 'formae-2233d15e-ovh-plugin@localhost': pid=<B312F6E3.0.1011> [pid=<A257D0E6.0.1013>] [name='PluginCoordinator'] [behavior=plugin_coordinator.PluginCoordinator]
[2m2026-04-28T08:32:16+02:00[0m [92mINF[0m ResolveCache: recoverable error, retrying errorCode=NotFound resourceURI=formae://3CyVaOdd5kUxUNKKQyvDla4OLGo#/id attempt=6 maxRetries=9 [pid=<A257D0E6.0.1023>] [name='formae://changeset/resolve-cache/3CyVaSTufnLwu5Ii2ImgXplWACt'] [behavior=changeset.ResolveCache]
[2m2026-04-28T08:32:16+02:00[0m [91mERR[0m Received unknown message type=plugin.TrackedProgress [pid=<A257D0E6.0.1023>] [name='formae://changeset/resolve-cache/3CyVaSTufnLwu5Ii2ImgXplWACt'] [behavior=changeset.ResolveCache]
[2m2026-04-28T08:32:16+02:00[0m [91mERR[0m Received unknown message type=plugin.TrackedProgress [pid=<A257D0E6.0.1023>] [name='formae://changeset/resolve-cache/3CyVaSTufnLwu5Ii2ImgXplWACt'] [behavior=changeset.ResolveCache]
[2m2026-04-28T08:32:16+02:00[0m [91mERR[0m Received unknown message type=plugin.TrackedProgress [pid=<A257D0E6.0.1023>] [name='formae://changeset/resolve-cache/3CyVaSTufnLwu5Ii2ImgXplWACt'] [behavior=changeset.ResolveCache]
[2m2026-04-28T08:32:16+02:00[0m [91mERR[0m Received unknown message type=plugin.TrackedProgress [pid=<A257D0E6.0.1023>] [name='formae://changeset/resolve-cache/3CyVaSTufnLwu5Ii2ImgXplWACt'] [behavior=changeset.ResolveCache]
[2m2026-04-28T08:32:16+02:00[0m [91mERR[0m Received unknown message type=plugin.TrackedProgress [pid=<A257D0E6.0.1023>] [name='formae://changeset/resolve-cache/3CyVaSTufnLwu5Ii2ImgXplWACt'] [behavior=changeset.ResolveCache]
    harness.go:1927: Command 3CyVaSTufnLwu5Ii2ImgXplWACt state: InProgress
[2m2026-04-28T08:32:18+02:00[0m DBG SQLite START [2mmethod=[0mGetExpiredStacks
[2m2026-04-28T08:32:18+02:00[0m DBG SQLite END [2mmethod=[0mGetExpiredStacks [2mduration=[0m529µs
    harness.go:1927: Command 3CyVaSTufnLwu5Ii2ImgXplWACt state: InProgress
    harness.go:1927: Command 3CyVaSTufnLwu5Ii2ImgXplWACt state: InProgress
[2m2026-04-28T08:32:23+02:00[0m DBG SQLite START [2mmethod=[0mGetExpiredStacks
[2m2026-04-28T08:32:23+02:00[0m DBG SQLite END [2mmethod=[0mGetExpiredStacks [2mduration=[0m390.958µs
    harness.go:1927: Command 3CyVaSTufnLwu5Ii2ImgXplWACt state: InProgress
    harness.go:1927: Command 3CyVaSTufnLwu5Ii2ImgXplWACt state: InProgress
[2m2026-04-28T08:32:26+02:00[0m DBG Remote spawned PluginOperator for namespace OVH on node 'formae-2233d15e-ovh-plugin@localhost': pid=<B312F6E3.0.1012> [pid=<A257D0E6.0.1013>] [name='PluginCoordinator'] [behavior=plugin_coordinator.PluginCoordinator]
[2m2026-04-28T08:32:27+02:00[0m [92mINF[0m ResolveCache: recoverable error, retrying errorCode=NotFound resourceURI=formae://3CyVaOdd5kUxUNKKQyvDla4OLGo#/id attempt=7 maxRetries=9 [pid=<A257D0E6.0.1023>] [name='formae://changeset/resolve-cache/3CyVaSTufnLwu5Ii2ImgXplWACt'] [behavior=changeset.ResolveCache]
[2m2026-04-28T08:32:27+02:00[0m [91mERR[0m Received unknown message type=plugin.TrackedProgress [pid=<A257D0E6.0.1023>] [name='formae://changeset/resolve-cache/3CyVaSTufnLwu5Ii2ImgXplWACt'] [behavior=changeset.ResolveCache]
[2m2026-04-28T08:32:27+02:00[0m [91mERR[0m Received unknown message type=plugin.TrackedProgress [pid=<A257D0E6.0.1023>] [name='formae://changeset/resolve-cache/3CyVaSTufnLwu5Ii2ImgXplWACt'] [behavior=changeset.ResolveCache]
[2m2026-04-28T08:32:27+02:00[0m [91mERR[0m Received unknown message type=plugin.TrackedProgress [pid=<A257D0E6.0.1023>] [name='formae://changeset/resolve-cache/3CyVaSTufnLwu5Ii2ImgXplWACt'] [behavior=changeset.ResolveCache]
[2m2026-04-28T08:32:27+02:00[0m [91mERR[0m Received unknown message type=plugin.TrackedProgress [pid=<A257D0E6.0.1023>] [name='formae://changeset/resolve-cache/3CyVaSTufnLwu5Ii2ImgXplWACt'] [behavior=changeset.ResolveCache]
[2m2026-04-28T08:32:27+02:00[0m [91mERR[0m Received unknown message type=plugin.TrackedProgress [pid=<A257D0E6.0.1023>] [name='formae://changeset/resolve-cache/3CyVaSTufnLwu5Ii2ImgXplWACt'] [behavior=changeset.ResolveCache]
[2m2026-04-28T08:32:27+02:00[0m [91mERR[0m Received unknown message type=plugin.TrackedProgress [pid=<A257D0E6.0.1023>] [name='formae://changeset/resolve-cache/3CyVaSTufnLwu5Ii2ImgXplWACt'] [behavior=changeset.ResolveCache]
    harness.go:1927: Command 3CyVaSTufnLwu5Ii2ImgXplWACt state: InProgress
[2m2026-04-28T08:32:28+02:00[0m DBG SQLite START [2mmethod=[0mGetExpiredStacks
[2m2026-04-28T08:32:28+02:00[0m DBG SQLite END [2mmethod=[0mGetExpiredStacks [2mduration=[0m303.625µs
    harness.go:1927: Command 3CyVaSTufnLwu5Ii2ImgXplWACt state: InProgress
    harness.go:1927: Command 3CyVaSTufnLwu5Ii2ImgXplWACt state: InProgress
[2m2026-04-28T08:32:33+02:00[0m DBG SQLite START [2mmethod=[0mGetExpiredStacks
[2m2026-04-28T08:32:33+02:00[0m DBG SQLite END [2mmethod=[0mGetExpiredStacks [2mduration=[0m1.042042ms
    harness.go:1927: Command 3CyVaSTufnLwu5Ii2ImgXplWACt state: InProgress
    harness.go:1927: Command 3CyVaSTufnLwu5Ii2ImgXplWACt state: InProgress
[2m2026-04-28T08:32:37+02:00[0m DBG Remote spawned PluginOperator for namespace OVH on node 'formae-2233d15e-ovh-plugin@localhost': pid=<B312F6E3.0.1013> [pid=<A257D0E6.0.1013>] [name='PluginCoordinator'] [behavior=plugin_coordinator.PluginCoordinator]
[2m2026-04-28T08:32:38+02:00[0m DBG SQLite START [2mmethod=[0mGetExpiredStacks
[2m2026-04-28T08:32:38+02:00[0m DBG SQLite END [2mmethod=[0mGetExpiredStacks [2mduration=[0m349.958µs
    harness.go:1927: Command 3CyVaSTufnLwu5Ii2ImgXplWACt state: InProgress
[2m2026-04-28T08:32:38+02:00[0m [92mINF[0m ResolveCache: recoverable error, retrying errorCode=NotFound resourceURI=formae://3CyVaOdd5kUxUNKKQyvDla4OLGo#/id attempt=8 maxRetries=9 [pid=<A257D0E6.0.1023>] [name='formae://changeset/resolve-cache/3CyVaSTufnLwu5Ii2ImgXplWACt'] [behavior=changeset.ResolveCache]
[2m2026-04-28T08:32:38+02:00[0m [91mERR[0m Received unknown message type=plugin.TrackedProgress [pid=<A257D0E6.0.1023>] [name='formae://changeset/resolve-cache/3CyVaSTufnLwu5Ii2ImgXplWACt'] [behavior=changeset.ResolveCache]
[2m2026-04-28T08:32:38+02:00[0m [91mERR[0m Received unknown message type=plugin.TrackedProgress [pid=<A257D0E6.0.1023>] [name='formae://changeset/resolve-cache/3CyVaSTufnLwu5Ii2ImgXplWACt'] [behavior=changeset.ResolveCache]
[2m2026-04-28T08:32:38+02:00[0m [91mERR[0m Received unknown message type=plugin.TrackedProgress [pid=<A257D0E6.0.1023>] [name='formae://changeset/resolve-cache/3CyVaSTufnLwu5Ii2ImgXplWACt'] [behavior=changeset.ResolveCache]
[2m2026-04-28T08:32:38+02:00[0m [91mERR[0m Received unknown message type=plugin.TrackedProgress [pid=<A257D0E6.0.1023>] [name='formae://changeset/resolve-cache/3CyVaSTufnLwu5Ii2ImgXplWACt'] [behavior=changeset.ResolveCache]
[2m2026-04-28T08:32:38+02:00[0m [91mERR[0m Received unknown message type=plugin.TrackedProgress [pid=<A257D0E6.0.1023>] [name='formae://changeset/resolve-cache/3CyVaSTufnLwu5Ii2ImgXplWACt'] [behavior=changeset.ResolveCache]
[2m2026-04-28T08:32:38+02:00[0m [91mERR[0m Received unknown message type=plugin.TrackedProgress [pid=<A257D0E6.0.1023>] [name='formae://changeset/resolve-cache/3CyVaSTufnLwu5Ii2ImgXplWACt'] [behavior=changeset.ResolveCache]
[2m2026-04-28T08:32:38+02:00[0m [91mERR[0m Received unknown message type=plugin.TrackedProgress [pid=<A257D0E6.0.1023>] [name='formae://changeset/resolve-cache/3CyVaSTufnLwu5Ii2ImgXplWACt'] [behavior=changeset.ResolveCache]
    harness.go:1927: Command 3CyVaSTufnLwu5Ii2ImgXplWACt state: InProgress
    harness.go:1927: Command 3CyVaSTufnLwu5Ii2ImgXplWACt state: InProgress
[2m2026-04-28T08:32:43+02:00[0m DBG SQLite START [2mmethod=[0mGetExpiredStacks
[2m2026-04-28T08:32:43+02:00[0m DBG SQLite END [2mmethod=[0mGetExpiredStacks [2mduration=[0m488µs
    harness.go:1927: Command 3CyVaSTufnLwu5Ii2ImgXplWACt state: InProgress
    harness.go:1927: Command 3CyVaSTufnLwu5Ii2ImgXplWACt state: InProgress
[2m2026-04-28T08:32:48+02:00[0m DBG SQLite START [2mmethod=[0mGetExpiredStacks
[2m2026-04-28T08:32:48+02:00[0m DBG SQLite END [2mmethod=[0mGetExpiredStacks [2mduration=[0m281.875µs
[2m2026-04-28T08:32:48+02:00[0m DBG Remote spawned PluginOperator for namespace OVH on node 'formae-2233d15e-ovh-plugin@localhost': pid=<B312F6E3.0.1014> [pid=<A257D0E6.0.1013>] [name='PluginCoordinator'] [behavior=plugin_coordinator.PluginCoordinator]
    harness.go:1927: Command 3CyVaSTufnLwu5Ii2ImgXplWACt state: InProgress
[2m2026-04-28T08:32:49+02:00[0m [91mERR[0m ResolveCache: exhausted retries errorCode=NotFound resourceURI=formae://3CyVaOdd5kUxUNKKQyvDla4OLGo#/id attempts=9 [pid=<A257D0E6.0.1023>] [name='formae://changeset/resolve-cache/3CyVaSTufnLwu5Ii2ImgXplWACt'] [behavior=changeset.ResolveCache]
[2m2026-04-28T08:32:49+02:00[0m [91mERR[0m Received unknown message type=plugin.TrackedProgress [pid=<A257D0E6.0.1023>] [name='formae://changeset/resolve-cache/3CyVaSTufnLwu5Ii2ImgXplWACt'] [behavior=changeset.ResolveCache]
[2m2026-04-28T08:32:49+02:00[0m [91mERR[0m Received unknown message type=plugin.TrackedProgress [pid=<A257D0E6.0.1023>] [name='formae://changeset/resolve-cache/3CyVaSTufnLwu5Ii2ImgXplWACt'] [behavior=changeset.ResolveCache]
[2m2026-04-28T08:32:49+02:00[0m [91mERR[0m Failed to resolve resource property resourceUri=formae://3CyVaOdd5kUxUNKKQyvDla4OLGo#/id [pid=<A257D0E6.0.1026>] [name='formae://3CyVaRRIsBv0ihVch9ZQ3Wgqv9f#/resource-updater/create/3CyVaSTufnLwu5Ii2ImgXplWACt'] [behavior=resource_update.ResourceUpdater]
[2m2026-04-28T08:32:49+02:00[0m DBG StateMachine: switching to state 'finished_with_error' [pid=<A257D0E6.0.1026>] [name='formae://3CyVaRRIsBv0ihVch9ZQ3Wgqv9f#/resource-updater/create/3CyVaSTufnLwu5Ii2ImgXplWACt'] [behavior=resource_update.ResourceUpdater]
[2m2026-04-28T08:32:49+02:00[0m DBG StateMachine: canceling state timeout due to state transition%!(EXTRA string=fromState, string='resolving', string=toState, string='finished_with_error', string=timeoutState, string='resolving', string=timeoutMessage, string=resource_update.ResolveCacheMissingInAction) [pid=<A257D0E6.0.1026>] [name='formae://3CyVaRRIsBv0ihVch9ZQ3Wgqv9f#/resource-updater/create/3CyVaSTufnLwu5Ii2ImgXplWACt'] [behavior=resource_update.ResourceUpdater]
[2m2026-04-28T08:32:49+02:00[0m DBG ResourceUpdater: sending completion message to forma command persister state='finished_with_error' commandID=3CyVaSTufnLwu5Ii2ImgXplWACt [pid=<A257D0E6.0.1026>] [name='formae://3CyVaRRIsBv0ihVch9ZQ3Wgqv9f#/resource-updater/create/3CyVaSTufnLwu5Ii2ImgXplWACt'] [behavior=resource_update.ResourceUpdater]
[2m2026-04-28T08:32:49+02:00[0m DBG SQLite START [2mmethod=[0mUpdateResourceUpdateState [2mcommandID=[0m3CyVaSTufnLwu5Ii2ImgXplWACt [2mksuid=[0m3CyVaRRIsBv0ihVch9ZQ3Wgqv9f [2mstate=[0mFailed
[2m2026-04-28T08:32:49+02:00[0m DBG SQLite END [2mmethod=[0mUpdateResourceUpdateState [2mcommandID=[0m3CyVaSTufnLwu5Ii2ImgXplWACt [2mksuid=[0m3CyVaRRIsBv0ihVch9ZQ3Wgqv9f [2mduration=[0m723.25µs
[2m2026-04-28T08:32:49+02:00[0m DBG MarkResourceUpdateAsComplete: decremented pendingCompletions commandID=3CyVaSTufnLwu5Ii2ImgXplWACt ksuid=3CyVaRRIsBv0ihVch9ZQ3Wgqv9f operation=create finalState=Failed pendingCompletions=1 totalResourceUpdates=3 [pid=<A257D0E6.0.1015>] [name='FormaCommandPersister'] [behavior=forma_persister.FormaCommandPersister]
[2m2026-04-28T08:32:49+02:00[0m DBG MarkResourceUpdateAsComplete: computed overallCommandState%!(EXTRA string=commandID, string=3CyVaSTufnLwu5Ii2ImgXplWACt, string=newState, forma_command.CommandState=InProgress, string=pendingCompletions, int=1) [pid=<A257D0E6.0.1015>] [name='FormaCommandPersister'] [behavior=forma_persister.FormaCommandPersister]
[2m2026-04-28T08:32:49+02:00[0m DBG SQLite START [2mmethod=[0mUpdateFormaCommandProgress [2mcommandID=[0m3CyVaSTufnLwu5Ii2ImgXplWACt [2mstate=[0mInProgress
[2m2026-04-28T08:32:49+02:00[0m DBG SQLite STMT [2mmethod=[0mUpdateFormaCommandProgress [2mstmt=[0mExec-UPDATE [2mphase=[0mbefore
[2m2026-04-28T08:32:49+02:00[0m DBG SQLite STMT [2mmethod=[0mUpdateFormaCommandProgress [2mstmt=[0mExec-UPDATE [2mphase=[0mafter [2mduration=[0m274.875µs [2merror=[0m<nil>
[2m2026-04-28T08:32:49+02:00[0m DBG SQLite END [2mmethod=[0mUpdateFormaCommandProgress [2mcommandID=[0m3CyVaSTufnLwu5Ii2ImgXplWACt [2mduration=[0m341.334µs
[2m2026-04-28T08:32:49+02:00[0m DBG FormaCommandPersister HandleCall timing messageType=messages.MarkResourceUpdateAsComplete duration=1.347209ms [pid=<A257D0E6.0.1015>] [name='FormaCommandPersister'] [behavior=forma_persister.FormaCommandPersister]
[2m2026-04-28T08:32:49+02:00[0m DBG ResourceUpdater: MarkAsComplete call succeeded commandID=3CyVaSTufnLwu5Ii2ImgXplWACt ksuid=3CyVaRRIsBv0ihVch9ZQ3Wgqv9f operation=create [pid=<A257D0E6.0.1026>] [name='formae://3CyVaRRIsBv0ihVch9ZQ3Wgqv9f#/resource-updater/create/3CyVaSTufnLwu5Ii2ImgXplWACt'] [behavior=resource_update.ResourceUpdater]
[2m2026-04-28T08:32:49+02:00[0m DBG ResourceUpdater: sending ResourceUpdateFinished message to requester state='finished_with_error' uri=formae://3CyVaRRIsBv0ihVch9ZQ3Wgqv9f# [pid=<A257D0E6.0.1026>] [name='formae://3CyVaRRIsBv0ihVch9ZQ3Wgqv9f#/resource-updater/create/3CyVaSTufnLwu5Ii2ImgXplWACt'] [behavior=resource_update.ResourceUpdater]
[2m2026-04-28T08:32:49+02:00[0m DBG ResourceUpdater: sending shutdown message to self state='finished_with_error' [pid=<A257D0E6.0.1026>] [name='formae://3CyVaRRIsBv0ihVch9ZQ3Wgqv9f#/resource-updater/create/3CyVaSTufnLwu5Ii2ImgXplWACt'] [behavior=resource_update.ResourceUpdater]
[2m2026-04-28T08:32:49+02:00[0m DBG Cascading failure detected [2moriginalFailure=[0mformae://3CyVaRRIsBv0ihVch9ZQ3Wgqv9f# [2mcascadingCount=[0m1
[2m2026-04-28T08:32:49+02:00[0m DBG Resource marked as failed due to cascade uri=formae://3CyVaQ5YCvdX4AQ12UOgzmgKd18# operation=create originalFailure=3CyVaRRIsBv0ihVch9ZQ3Wgqv9f//create [pid=<A257D0E6.0.1022>] [name='formae://changeset/executor/3CyVaSTufnLwu5Ii2ImgXplWACt'] [behavior=changeset.ChangesetExecutor]
[2m2026-04-28T08:32:49+02:00[0m DBG Resource marked as failed due to cascade uri=formae://3CyVaRRIsBv0ihVch9ZQ3Wgqv9f# operation=create originalFailure=3CyVaRRIsBv0ihVch9ZQ3Wgqv9f//create [pid=<A257D0E6.0.1022>] [name='formae://changeset/executor/3CyVaSTufnLwu5Ii2ImgXplWACt'] [behavior=changeset.ChangesetExecutor]
[2m2026-04-28T08:32:49+02:00[0m [93mWRN[0m Cascading failures detected: 2 for command 3CyVaSTufnLwu5Ii2ImgXplWACt [pid=<A257D0E6.0.1022>] [name='formae://changeset/executor/3CyVaSTufnLwu5Ii2ImgXplWACt'] [behavior=changeset.ChangesetExecutor]
[2m2026-04-28T08:32:49+02:00[0m DBG SQLite START [2mmethod=[0mBatchUpdateResourceUpdateState [2mcommandID=[0m3CyVaSTufnLwu5Ii2ImgXplWACt [2mcount=[0m2 [2mstate=[0mFailed
[2m2026-04-28T08:32:49+02:00[0m DBG SQLite TX BEGIN [2mmethod=[0mBatchUpdateResourceUpdateState [2mcommandID=[0m3CyVaSTufnLwu5Ii2ImgXplWACt
[2m2026-04-28T08:32:49+02:00[0m DBG SQLite TX COMMIT [2mmethod=[0mBatchUpdateResourceUpdateState [2mcommandID=[0m3CyVaSTufnLwu5Ii2ImgXplWACt [2mtxDuration=[0m122.292µs
[2m2026-04-28T08:32:49+02:00[0m DBG SQLite END [2mmethod=[0mBatchUpdateResourceUpdateState [2mcommandID=[0m3CyVaSTufnLwu5Ii2ImgXplWACt [2mcount=[0m2 [2mduration=[0m280.166µs
[2m2026-04-28T08:32:49+02:00[0m DBG SQLite START [2mmethod=[0mStoreFormaCommand [2mcommandID=[0m3CyVaSTufnLwu5Ii2ImgXplWACt [2mresourceUpdates=[0m3
[2m2026-04-28T08:32:49+02:00[0m DBG SQLite START [2mmethod=[0mBulkStoreResourceUpdates [2mcommandID=[0m3CyVaSTufnLwu5Ii2ImgXplWACt [2mcount=[0m3
[2m2026-04-28T08:32:49+02:00[0m DBG SQLite TX BEGIN [2mmethod=[0mBulkStoreResourceUpdates [2mcommandID=[0m3CyVaSTufnLwu5Ii2ImgXplWACt
[2m2026-04-28T08:32:49+02:00[0m DBG SQLite TX COMMIT [2mmethod=[0mBulkStoreResourceUpdates [2mcommandID=[0m3CyVaSTufnLwu5Ii2ImgXplWACt [2mtxDuration=[0m279.708µs
[2m2026-04-28T08:32:49+02:00[0m DBG SQLite END [2mmethod=[0mBulkStoreResourceUpdates [2mcommandID=[0m3CyVaSTufnLwu5Ii2ImgXplWACt [2mcount=[0m3 [2mduration=[0m1.07125ms
[2m2026-04-28T08:32:49+02:00[0m DBG SQLite END [2mmethod=[0mStoreFormaCommand [2mcommandID=[0m3CyVaSTufnLwu5Ii2ImgXplWACt [2mduration=[0m1.443542ms
[2m2026-04-28T08:32:49+02:00[0m DBG FormaCommandPersister HandleCall timing messageType=forma_persister.MarkResourcesAsFailed duration=1.87425ms [pid=<A257D0E6.0.1015>] [name='FormaCommandPersister'] [behavior=forma_persister.FormaCommandPersister]
[2m2026-04-28T08:32:49+02:00[0m DBG Changeset execution finished for command commandID=3CyVaSTufnLwu5Ii2ImgXplWACt [pid=<A257D0E6.0.1022>] [name='formae://changeset/executor/3CyVaSTufnLwu5Ii2ImgXplWACt'] [behavior=changeset.ChangesetExecutor]
[2m2026-04-28T08:32:49+02:00[0m DBG StateMachine: switching to state 'finished_successfully' [pid=<A257D0E6.0.1022>] [name='formae://changeset/executor/3CyVaSTufnLwu5Ii2ImgXplWACt'] [behavior=changeset.ChangesetExecutor]
[2m2026-04-28T08:32:49+02:00[0m DBG Using pre-captured stacks for cleanup stacks=[] commandID=3CyVaSTufnLwu5Ii2ImgXplWACt [pid=<A257D0E6.0.1022>] [name='formae://changeset/executor/3CyVaSTufnLwu5Ii2ImgXplWACt'] [behavior=changeset.ChangesetExecutor]
[2m2026-04-28T08:32:49+02:00[0m DBG Resumed Discovery after user changeset completed commandID=3CyVaSTufnLwu5Ii2ImgXplWACt [pid=<A257D0E6.0.1022>] [name='formae://changeset/executor/3CyVaSTufnLwu5Ii2ImgXplWACt'] [behavior=changeset.ChangesetExecutor]
[2m2026-04-28T08:32:49+02:00[0m DBG ChangesetExecutor: sending shutdown message to self state='finished_successfully' [pid=<A257D0E6.0.1022>] [name='formae://changeset/executor/3CyVaSTufnLwu5Ii2ImgXplWACt'] [behavior=changeset.ChangesetExecutor]
[2m2026-04-28T08:32:49+02:00[0m DBG ResolveCache received shutdown request [pid=<A257D0E6.0.1023>] [name='formae://changeset/resolve-cache/3CyVaSTufnLwu5Ii2ImgXplWACt'] [behavior=changeset.ResolveCache]
[2m2026-04-28T08:32:49+02:00[0m DBG Resource unregistered from in-progress, can be synced resourceURI=formae://3CyVaOdd5kUxUNKKQyvDla4OLGo# [pid=<A257D0E6.0.1018>] [name='Synchronizer'] [behavior=metastructure.Synchronizer]
[2m2026-04-28T08:32:49+02:00[0m DBG Resource unregistered from in-progress, can be synced resourceURI=formae://3CyVaRRIsBv0ihVch9ZQ3Wgqv9f# [pid=<A257D0E6.0.1018>] [name='Synchronizer'] [behavior=metastructure.Synchronizer]
[2m2026-04-28T08:32:49+02:00[0m DBG Resource unregistered from in-progress, can be synced resourceURI=formae://3CyVaQ5YCvdX4AQ12UOgzmgKd18# [pid=<A257D0E6.0.1018>] [name='Synchronizer'] [behavior=metastructure.Synchronizer]
    harness.go:1927: Command 3CyVaSTufnLwu5Ii2ImgXplWACt state: Failed
    summary.go:225: Apply command should complete successfully: command reached terminal state: Failed
    harness.go:157: Cleaning up temp directory: /var/folders/ts/wd0xmbjx59v9bnn6pvtdfz780000gn/T/formae-test-4185085981
    harness.go:701: Stopping formae agent...
[2m2026-04-28T08:32:50+02:00[0m [92mINF[0m Received signal [2msignal=[0mterminated
[2m2026-04-28T08:32:50+02:00[0m [92mINF[0m Stopping metastructure
[2m2026-04-28T08:32:50+02:00[0m [92mINF[0m Stopping node [2mnode=[0mformae-2233d15e@localhost
[2m2026-04-28T08:32:50+02:00[0m [92mINF[0m API server received shutdown
[2m2026-04-28T08:32:50+02:00[0m [92mINF[0m API Server successfully shutdown
[2m2026-04-28T08:32:50+02:00[0m [92mINF[0m node 'formae-2233d15e@localhost' is starting a graceful shutdown... [node=A257D0E6]
[2m2026-04-28T08:32:50+02:00[0m [92mINF[0m Supervisor: terminate children <A257D0E6.0.1005> [pid=<A257D0E6.0.1004>] [name='ResourceUpdaterSupervisor'] [behavior=resource_update.ResourceUpdaterSupervisor]
[2m2026-04-28T08:32:50+02:00[0m [92mINF[0m Supervisor: terminate children <A257D0E6.0.1007> [pid=<A257D0E6.0.1006>] [name='TargetUpdaterSupervisor'] [behavior=target_update.TargetUpdaterSupervisor]
[2m2026-04-28T08:32:50+02:00[0m [92mINF[0m Supervisor: terminate children <A257D0E6.0.1009> [pid=<A257D0E6.0.1008>] [name='ChangesetSupervisor'] [behavior=changeset.ChangesetSupervisor]
[2m2026-04-28T08:32:50+02:00[0m [92mINF[0m Supervisor: terminate children <A257D0E6.0.1010> [pid=<A257D0E6.0.1008>] [name='ChangesetSupervisor'] [behavior=changeset.ChangesetSupervisor]
[2m2026-04-28T08:32:50+02:00[0m [92mINF[0m Supervisor: terminate children <A257D0E6.0.1012> [pid=<A257D0E6.0.1011>] [name='MetastructureSupervisor'] [behavior=metastructure.Supervisor]
[2m2026-04-28T08:32:50+02:00[0m [92mINF[0m Supervisor: terminate children <A257D0E6.0.1013> [pid=<A257D0E6.0.1011>] [name='MetastructureSupervisor'] [behavior=metastructure.Supervisor]
[2m2026-04-28T08:32:50+02:00[0m [92mINF[0m Supervisor: terminate children <A257D0E6.0.1014> [pid=<A257D0E6.0.1011>] [name='MetastructureSupervisor'] [behavior=metastructure.Supervisor]
[2m2026-04-28T08:32:50+02:00[0m [92mINF[0m Supervisor: terminate children <A257D0E6.0.1015> [pid=<A257D0E6.0.1011>] [name='MetastructureSupervisor'] [behavior=metastructure.Supervisor]
[2m2026-04-28T08:32:50+02:00[0m [92mINF[0m Supervisor: terminate children <A257D0E6.0.1016> [pid=<A257D0E6.0.1011>] [name='MetastructureSupervisor'] [behavior=metastructure.Supervisor]
[2m2026-04-28T08:32:50+02:00[0m [92mINF[0m Supervisor: terminate children <A257D0E6.0.1017> [pid=<A257D0E6.0.1011>] [name='MetastructureSupervisor'] [behavior=metastructure.Supervisor]
[2m2026-04-28T08:32:50+02:00[0m [92mINF[0m Supervisor: terminate children <A257D0E6.0.1002> [pid=<A257D0E6.0.1001>] [name='system_sup'] [behavior=system.sup]
[2m2026-04-28T08:32:50+02:00[0m [92mINF[0m application 'system_app' (permanent) will be stopped due to termination of <A257D0E6.0.1001> with reason: shutdown [node=A257D0E6]
[2m2026-04-28T08:32:50+02:00[0m [92mINF[0m application 'system_app' (permanent) stopped with reason shutdown [node=A257D0E6]
[2m2026-04-28T08:32:50+02:00[0m DBG PluginProcessSupervisor terminating, stopping all plugins reason=<A257D0E6.0.1011>: shutdown [pid=<A257D0E6.0.1014>] [name='PluginProcessSupervisor'] [behavior=plugin_process_supervisor.PluginProcessSupervisor]
[2m2026-04-28T08:32:50+02:00[0m [92mINF[0m application 'Application' (temporary) stopped with reason shutdown [node=A257D0E6]
[2m2026-04-28T08:32:50+02:00[0m DBG Terminating resource plugin namespace=AWS alias=Alias#<A257D0E6.121863.25257.0> [pid=<A257D0E6.0.1014>] [name='PluginProcessSupervisor'] [behavior=plugin_process_supervisor.PluginProcessSupervisor]
[2m2026-04-28T08:32:50+02:00[0m DBG Failed to send exit to resource plugin namespace=AWS: unknown alias [pid=<A257D0E6.0.1014>] [name='PluginProcessSupervisor'] [behavior=plugin_process_supervisor.PluginProcessSupervisor]
[2m2026-04-28T08:32:50+02:00[0m DBG Terminating resource plugin namespace=GCP alias=Alias#<A257D0E6.121864.25257.0> [pid=<A257D0E6.0.1014>] [name='PluginProcessSupervisor'] [behavior=plugin_process_supervisor.PluginProcessSupervisor]
[2m2026-04-28T08:32:50+02:00[0m [92mINF[0m Node stopped [2mnode=[0mformae-2233d15e@localhost
[2m2026-04-28T08:32:50+02:00[0m [92mINF[0m Components stopped gracefully
[2m2026-04-28T08:32:50+02:00[0m [92mINF[0m Cleaning up
    harness.go:728: Formae agent stopped
================================================================================
                        CONFORMANCE TEST RESULTS
================================================================================

CRUD Tests:
Resource                          Create    Verify    Extract   Sync      Update    Replace   Destroy   OOB Del   Duration
INSTANCE-CONFORMANCE::instance    [X]       [-]       [-]       [-]       [-]       [-]       [-]       [-]       2m 30s

Legend: [+] passed  [X] FAILED  [-] not run  [~] skipped

Failure Details:
  INSTANCE-CONFORMANCE::instance
    [Create] Apply command should complete successfully: command reached terminal state: Failed

0 passed, 1 failed, 0 skipped (2m 30s)
================================================================================
--- FAIL: TestPluginConformance (150.92s)
    --- FAIL: TestPluginConformance/INSTANCE-CONFORMANCE::instance (150.92s)
=== RUN   TestPluginDiscovery
    runner.go:1570: Skipping discovery tests: FORMAE_TEST_TYPE=crud
--- SKIP: TestPluginDiscovery (0.00s)
FAIL
FAIL	github.com/platform-engineering-labs/formae-plugin-ovh	151.398s
?   	github.com/platform-engineering-labs/formae-plugin-ovh/pkg/config	[no test files]
?   	github.com/platform-engineering-labs/formae-plugin-ovh/pkg/prov	[no test files]
=== RUN   TestDeriveShortRegion
=== RUN   TestDeriveShortRegion/DE1_to_DE
=== RUN   TestDeriveShortRegion/GRA7_to_GRA
=== RUN   TestDeriveShortRegion/GRA9_to_GRA
=== RUN   TestDeriveShortRegion/GRA11_to_GRA
=== RUN   TestDeriveShortRegion/BHS5_to_BHS
=== RUN   TestDeriveShortRegion/UK1_to_UK
=== RUN   TestDeriveShortRegion/WAW1_to_WAW
=== RUN   TestDeriveShortRegion/SBG5_to_SBG
=== RUN   TestDeriveShortRegion/US-EAST-VA-1_to_US-EAST-VA
=== RUN   TestDeriveShortRegion/DE_unchanged
=== RUN   TestDeriveShortRegion/GRA_unchanged
=== RUN   TestDeriveShortRegion/BHS_unchanged
=== RUN   TestDeriveShortRegion/UK_unchanged
=== RUN   TestDeriveShortRegion/empty_string
=== RUN   TestDeriveShortRegion/single_digit_suffix
=== RUN   TestDeriveShortRegion/double_digit_suffix
=== RUN   TestDeriveShortRegion/triple_digit_suffix
=== RUN   TestDeriveShortRegion/GRA15_to_GRA
=== RUN   TestDeriveShortRegion/DE2_to_DE
--- PASS: TestDeriveShortRegion (0.00s)
    --- PASS: TestDeriveShortRegion/DE1_to_DE (0.00s)
    --- PASS: TestDeriveShortRegion/GRA7_to_GRA (0.00s)
    --- PASS: TestDeriveShortRegion/GRA9_to_GRA (0.00s)
    --- PASS: TestDeriveShortRegion/GRA11_to_GRA (0.00s)
    --- PASS: TestDeriveShortRegion/BHS5_to_BHS (0.00s)
    --- PASS: TestDeriveShortRegion/UK1_to_UK (0.00s)
    --- PASS: TestDeriveShortRegion/WAW1_to_WAW (0.00s)
    --- PASS: TestDeriveShortRegion/SBG5_to_SBG (0.00s)
    --- PASS: TestDeriveShortRegion/US-EAST-VA-1_to_US-EAST-VA (0.00s)
    --- PASS: TestDeriveShortRegion/DE_unchanged (0.00s)
    --- PASS: TestDeriveShortRegion/GRA_unchanged (0.00s)
    --- PASS: TestDeriveShortRegion/BHS_unchanged (0.00s)
    --- PASS: TestDeriveShortRegion/UK_unchanged (0.00s)
    --- PASS: TestDeriveShortRegion/empty_string (0.00s)
    --- PASS: TestDeriveShortRegion/single_digit_suffix (0.00s)
    --- PASS: TestDeriveShortRegion/double_digit_suffix (0.00s)
    --- PASS: TestDeriveShortRegion/triple_digit_suffix (0.00s)
    --- PASS: TestDeriveShortRegion/GRA15_to_GRA (0.00s)
    --- PASS: TestDeriveShortRegion/DE2_to_DE (0.00s)
PASS
ok  	github.com/platform-engineering-labs/formae-plugin-ovh/pkg/resources/base	(cached)
=== RUN   TestCloudPathBuilder
=== RUN   TestCloudPathBuilder/project-scoped_resource
=== RUN   TestCloudPathBuilder/project-scoped_resource_with_ID
=== RUN   TestCloudPathBuilder/regional_resource_(Network)
=== RUN   TestCloudPathBuilder/regional_resource_with_ID
=== RUN   TestCloudPathBuilder/nested_regional_resource_(Subnet)_-_collection
=== RUN   TestCloudPathBuilder/nested_regional_resource_(Subnet)_-_with_ID_for_Delete/Read
=== RUN   TestCloudPathBuilder/nested_project-scoped_resource_(SubnetPrivate)_-_collection
=== RUN   TestCloudPathBuilder/nested_project-scoped_resource_(SubnetPrivate)_-_with_ID
--- PASS: TestCloudPathBuilder (0.00s)
    --- PASS: TestCloudPathBuilder/project-scoped_resource (0.00s)
    --- PASS: TestCloudPathBuilder/project-scoped_resource_with_ID (0.00s)
    --- PASS: TestCloudPathBuilder/regional_resource_(Network) (0.00s)
    --- PASS: TestCloudPathBuilder/regional_resource_with_ID (0.00s)
    --- PASS: TestCloudPathBuilder/nested_regional_resource_(Subnet)_-_collection (0.00s)
    --- PASS: TestCloudPathBuilder/nested_regional_resource_(Subnet)_-_with_ID_for_Delete/Read (0.00s)
    --- PASS: TestCloudPathBuilder/nested_project-scoped_resource_(SubnetPrivate)_-_collection (0.00s)
    --- PASS: TestCloudPathBuilder/nested_project-scoped_resource_(SubnetPrivate)_-_with_ID (0.00s)
=== RUN   TestCloudNativeIDExtractor
=== RUN   TestCloudNativeIDExtractor/top-level_resource_with_id_field
=== RUN   TestCloudNativeIDExtractor/top-level_resource_with_resourceId_(async_operation)
=== RUN   TestCloudNativeIDExtractor/nested_resource_(Subnet)_-_includes_parentId_in_native_ID
=== RUN   TestCloudNativeIDExtractor/nested_resource_with_resourceId_(async_operation)
=== RUN   TestCloudNativeIDExtractor/empty_response
=== RUN   TestCloudNativeIDExtractor/no_project
--- PASS: TestCloudNativeIDExtractor (0.00s)
    --- PASS: TestCloudNativeIDExtractor/top-level_resource_with_id_field (0.00s)
    --- PASS: TestCloudNativeIDExtractor/top-level_resource_with_resourceId_(async_operation) (0.00s)
    --- PASS: TestCloudNativeIDExtractor/nested_resource_(Subnet)_-_includes_parentId_in_native_ID (0.00s)
    --- PASS: TestCloudNativeIDExtractor/nested_resource_with_resourceId_(async_operation) (0.00s)
    --- PASS: TestCloudNativeIDExtractor/empty_response (0.00s)
    --- PASS: TestCloudNativeIDExtractor/no_project (0.00s)
PASS
ok  	github.com/platform-engineering-labs/formae-plugin-ovh/pkg/resources/cloud	(cached)
?   	github.com/platform-engineering-labs/formae-plugin-ovh/pkg/resources/cloud/compute	[no test files]
?   	github.com/platform-engineering-labs/formae-plugin-ovh/pkg/resources/cloud/database	[no test files]
?   	github.com/platform-engineering-labs/formae-plugin-ovh/pkg/resources/cloud/dns	[no test files]
?   	github.com/platform-engineering-labs/formae-plugin-ovh/pkg/resources/cloud/kube	[no test files]
=== RUN   TestCalculateDefaultAllocationRange
=== RUN   TestCalculateDefaultAllocationRange//24_network
=== RUN   TestCalculateDefaultAllocationRange//16_network
=== RUN   TestCalculateDefaultAllocationRange//28_small_network
=== RUN   TestCalculateDefaultAllocationRange/invalid_CIDR
=== RUN   TestCalculateDefaultAllocationRange//31_too_small
--- PASS: TestCalculateDefaultAllocationRange (0.00s)
    --- PASS: TestCalculateDefaultAllocationRange//24_network (0.00s)
    --- PASS: TestCalculateDefaultAllocationRange//16_network (0.00s)
    --- PASS: TestCalculateDefaultAllocationRange//28_small_network (0.00s)
    --- PASS: TestCalculateDefaultAllocationRange/invalid_CIDR (0.00s)
    --- PASS: TestCalculateDefaultAllocationRange//31_too_small (0.00s)
=== RUN   TestSubnetRequestTransformer
--- PASS: TestSubnetRequestTransformer (0.00s)
=== RUN   TestSubnetRequestTransformer_NoGateway
--- PASS: TestSubnetRequestTransformer_NoGateway (0.00s)
=== RUN   TestSubnetPrivateRequestTransformer
--- PASS: TestSubnetPrivateRequestTransformer (0.00s)
=== RUN   TestFloatingIPPathBuilder
=== RUN   TestFloatingIPPathBuilder/Create_-_POST_with_instance_id_(ParentResource)
=== RUN   TestFloatingIPPathBuilder/List_-_GET_without_instance_id
=== RUN   TestFloatingIPPathBuilder/Read_-_GET_with_floatingip_ID
=== RUN   TestFloatingIPPathBuilder/Delete_-_DELETE_with_floatingip_ID
--- PASS: TestFloatingIPPathBuilder (0.00s)
    --- PASS: TestFloatingIPPathBuilder/Create_-_POST_with_instance_id_(ParentResource) (0.00s)
    --- PASS: TestFloatingIPPathBuilder/List_-_GET_without_instance_id (0.00s)
    --- PASS: TestFloatingIPPathBuilder/Read_-_GET_with_floatingip_ID (0.00s)
    --- PASS: TestFloatingIPPathBuilder/Delete_-_DELETE_with_floatingip_ID (0.00s)
=== RUN   TestFloatingIPRequestTransformer
--- PASS: TestFloatingIPRequestTransformer (0.00s)
PASS
ok  	github.com/platform-engineering-labs/formae-plugin-ovh/pkg/resources/cloud/network	0.220s
?   	github.com/platform-engineering-labs/formae-plugin-ovh/pkg/resources/cloud/registry	[no test files]
?   	github.com/platform-engineering-labs/formae-plugin-ovh/pkg/resources/cloud/storage	[no test files]
?   	github.com/platform-engineering-labs/formae-plugin-ovh/pkg/resources/openstack/resources	[no test files]
?   	github.com/platform-engineering-labs/formae-plugin-ovh/pkg/resources/openstack/resources/network	[no test files]
?   	github.com/platform-engineering-labs/formae-plugin-ovh/pkg/resources/prov	[no test files]
?   	github.com/platform-engineering-labs/formae-plugin-ovh/pkg/resources/registry	[no test files]
?   	github.com/platform-engineering-labs/formae-plugin-ovh/pkg/testutil	[no test files]
?   	github.com/platform-engineering-labs/formae-plugin-ovh/pkg/transport/openstack	[no test files]
=== RUN   TestNewClient
--- PASS: TestNewClient (0.00s)
=== RUN   TestRequestOptions
--- PASS: TestRequestOptions (0.00s)
=== RUN   TestResponseStructure
--- PASS: TestResponseStructure (0.00s)
=== RUN   TestClassifyHTTPStatus
--- PASS: TestClassifyHTTPStatus (0.00s)
=== RUN   TestToResourceErrorCode
--- PASS: TestToResourceErrorCode (0.00s)
PASS
ok  	github.com/platform-engineering-labs/formae-plugin-ovh/pkg/transport/ovh	(cached)
FAIL
